2024-03-28 20:10:47,802 - __main__ - INFO - --- Start up App ---
2024-03-28 20:10:47,803 - background_tasks.handlers - INFO - Получаю актульные курсы
2024-03-28 20:10:47,963 - background_tasks.handlers - INFO - Фиат:RUB
2024-03-28 20:10:47,963 - background_tasks.handlers - INFO - Крипта:LTC
2024-03-28 20:10:47,963 - background_tasks.handlers - INFO - Крипта:BTC
2024-03-28 20:10:47,964 - background_tasks.handlers - INFO - Фиат:USD
2024-03-28 20:10:47,964 - background_tasks.handlers - INFO - Фиат:['rub', 'usd']
2024-03-28 20:10:47,964 - background_tasks.handlers - INFO - Крипта:['litecoin', 'bitcoin']
2024-03-28 20:10:48,744 - httpx - INFO - HTTP Request: GET https://api.coingecko.com/api/v3/simple/price?ids=litecoin%2Cbitcoin&vs_currencies=rub%2Cusd "HTTP/1.1 200 OK"
2024-03-28 20:10:48,748 - price_parser.parser - INFO - Parser status: 200
2024-03-28 20:10:48,748 - price_parser.parser - INFO - response: {'bitcoin': {'rub': 6548231, 'usd': 70721}, 'litecoin': {'rub': 8844.81, 'usd': 95.52}}
2024-03-28 20:10:48,750 - background_tasks.handlers - INFO - ответ:{'bitcoin': {'rub': 6548231, 'usd': 70721}, 'litecoin': {'rub': 8844.81, 'usd': 95.52}}
2024-03-28 20:10:48,750 - background_tasks.handlers - INFO - Курсы: {'bitcoin': {'rub': 6548231, 'usd': 70721}, 'litecoin': {'rub': 8844.81, 'usd': 95.52}}, тип: <class 'dict'>
2024-03-28 20:10:48,761 - background_tasks.handlers - INFO - Парсинг спит 10 мин
2024-03-28 20:11:48,763 - background_tasks.handlers - INFO - Получаю актульные курсы
2024-03-28 20:11:48,768 - background_tasks.handlers - INFO - Фиат:RUB
2024-03-28 20:11:48,769 - background_tasks.handlers - INFO - Крипта:LTC
2024-03-28 20:11:48,769 - background_tasks.handlers - INFO - Крипта:BTC
2024-03-28 20:11:48,769 - background_tasks.handlers - INFO - Фиат:USD
2024-03-28 20:11:48,769 - background_tasks.handlers - INFO - Фиат:['rub', 'usd']
2024-03-28 20:11:48,769 - background_tasks.handlers - INFO - Крипта:['litecoin', 'bitcoin']
2024-03-28 20:11:49,170 - httpx - INFO - HTTP Request: GET https://api.coingecko.com/api/v3/simple/price?ids=litecoin%2Cbitcoin&vs_currencies=rub%2Cusd "HTTP/1.1 200 OK"
2024-03-28 20:11:49,173 - price_parser.parser - INFO - Parser status: 200
2024-03-28 20:11:49,173 - price_parser.parser - INFO - response: {'bitcoin': {'rub': 6548231, 'usd': 70721}, 'litecoin': {'rub': 8844.81, 'usd': 95.52}}
2024-03-28 20:11:49,174 - background_tasks.handlers - INFO - ответ:{'bitcoin': {'rub': 6548231, 'usd': 70721}, 'litecoin': {'rub': 8844.81, 'usd': 95.52}}
2024-03-28 20:11:49,174 - background_tasks.handlers - INFO - Курсы: {'bitcoin': {'rub': 6548231, 'usd': 70721}, 'litecoin': {'rub': 8844.81, 'usd': 95.52}}, тип: <class 'dict'>
2024-03-28 20:11:49,175 - background_tasks.handlers - INFO - Парсинг спит 10 мин
2024-03-28 20:12:49,176 - background_tasks.handlers - INFO - Получаю актульные курсы
2024-03-28 20:12:49,181 - background_tasks.handlers - INFO - Фиат:RUB
2024-03-28 20:12:49,182 - background_tasks.handlers - INFO - Крипта:LTC
2024-03-28 20:12:49,182 - background_tasks.handlers - INFO - Крипта:BTC
2024-03-28 20:12:49,182 - background_tasks.handlers - INFO - Фиат:USD
2024-03-28 20:12:49,182 - background_tasks.handlers - INFO - Фиат:['rub', 'usd']
2024-03-28 20:12:49,182 - background_tasks.handlers - INFO - Крипта:['litecoin', 'bitcoin']
2024-03-28 20:12:49,696 - httpx - INFO - HTTP Request: GET https://api.coingecko.com/api/v3/simple/price?ids=litecoin%2Cbitcoin&vs_currencies=rub%2Cusd "HTTP/1.1 200 OK"
2024-03-28 20:12:49,698 - price_parser.parser - INFO - Parser status: 200
2024-03-28 20:12:49,699 - price_parser.parser - INFO - response: {'bitcoin': {'rub': 6548231, 'usd': 70721}, 'litecoin': {'rub': 8844.81, 'usd': 95.52}}
2024-03-28 20:12:49,700 - background_tasks.handlers - INFO - ответ:{'bitcoin': {'rub': 6548231, 'usd': 70721}, 'litecoin': {'rub': 8844.81, 'usd': 95.52}}
2024-03-28 20:12:49,700 - background_tasks.handlers - INFO - Курсы: {'bitcoin': {'rub': 6548231, 'usd': 70721}, 'litecoin': {'rub': 8844.81, 'usd': 95.52}}, тип: <class 'dict'>
2024-03-28 20:12:49,701 - background_tasks.handlers - INFO - Парсинг спит 10 мин
2024-03-28 20:13:49,702 - background_tasks.handlers - INFO - Получаю актульные курсы
2024-03-28 20:13:49,707 - background_tasks.handlers - INFO - Фиат:RUB
2024-03-28 20:13:49,707 - background_tasks.handlers - INFO - Крипта:LTC
2024-03-28 20:13:49,707 - background_tasks.handlers - INFO - Крипта:BTC
2024-03-28 20:13:49,707 - background_tasks.handlers - INFO - Фиат:USD
2024-03-28 20:13:49,708 - background_tasks.handlers - INFO - Фиат:['rub', 'usd']
2024-03-28 20:13:49,708 - background_tasks.handlers - INFO - Крипта:['litecoin', 'bitcoin']
2024-03-28 20:13:50,115 - httpx - INFO - HTTP Request: GET https://api.coingecko.com/api/v3/simple/price?ids=litecoin%2Cbitcoin&vs_currencies=rub%2Cusd "HTTP/1.1 200 OK"
2024-03-28 20:13:50,117 - price_parser.parser - INFO - Parser status: 200
2024-03-28 20:13:50,118 - price_parser.parser - INFO - response: {'bitcoin': {'rub': 6548231, 'usd': 70721}, 'litecoin': {'rub': 8844.81, 'usd': 95.52}}
2024-03-28 20:13:50,118 - background_tasks.handlers - INFO - ответ:{'bitcoin': {'rub': 6548231, 'usd': 70721}, 'litecoin': {'rub': 8844.81, 'usd': 95.52}}
2024-03-28 20:13:50,119 - background_tasks.handlers - INFO - Курсы: {'bitcoin': {'rub': 6548231, 'usd': 70721}, 'litecoin': {'rub': 8844.81, 'usd': 95.52}}, тип: <class 'dict'>
2024-03-28 20:13:50,120 - background_tasks.handlers - INFO - Парсинг спит 10 мин
2024-03-28 20:14:31,443 - sevices - INFO - Статус пользователя: 1
2024-03-28 20:14:31,445 - sevices - INFO - 
                Типы до десериализации:
                    client_crypto_wallet:qioweoqweqwoeiwoe тип:<class 'str'>,
                    client_cc_holder:ebuzuev тип:<class 'str'>,
                    client_credit_card_number:120310239012933 тип:<class 'str'>,
                    client_buy_tikker:BTC тип:<class 'str'>,
                    client_buy_value:0.0014 тип:<class 'str'>,
                    client_sell_tikker:RUB тип:<class 'str'>,
                    client_sell_value:10000 тип:<class 'str'>,
                    client_email:ebuzuev@gmail.com тип:<class 'str'>,
                    router_number:2 тип:<class 'str'>
            
2024-03-28 20:14:31,454 - sevices - INFO - 
                Типы после десериализации:
                    client_crypto_wallet:qioweoqweqwoeiwoe тип:<class 'str'>,
                    client_cc_holder:ebuzuev тип:<class 'str'>,
                    client_credit_card_number:120310239012933 тип:<class 'str'>,
                    client_buy_tikker:BTC тип:<class 'str'>,
                    client_buy_value:0.0014 тип:<class 'decimal.Decimal'>,
                    client_sell_tikker:RUB тип:<class 'str'>,
                    client_sell_value:10000 тип:<class 'decimal.Decimal'>,
                    client_email:ebuzuev@gmail.com тип:<class 'str'>,
                    router_number:2 тип:<class 'int'>
            
2024-03-28 20:14:41,352 - sevices - INFO - Статус пользователя: 1
2024-03-28 20:14:41,353 - sevices - INFO - 
                Типы до десериализации:
                    client_crypto_wallet:qioweoqweqwoeiwoe тип:<class 'str'>,
                    client_cc_holder:ebuzuev тип:<class 'str'>,
                    client_credit_card_number:120310239012933 тип:<class 'str'>,
                    client_buy_tikker:BTC тип:<class 'str'>,
                    client_buy_value:0.0014 тип:<class 'str'>,
                    client_sell_tikker:RUB тип:<class 'str'>,
                    client_sell_value:10000 тип:<class 'str'>,
                    client_email:ebuzuev@gmail.com тип:<class 'str'>,
                    router_number:2 тип:<class 'str'>
            
2024-03-28 20:14:41,358 - sevices - INFO - 
                Типы после десериализации:
                    client_crypto_wallet:qioweoqweqwoeiwoe тип:<class 'str'>,
                    client_cc_holder:ebuzuev тип:<class 'str'>,
                    client_credit_card_number:120310239012933 тип:<class 'str'>,
                    client_buy_tikker:BTC тип:<class 'str'>,
                    client_buy_value:0.0014 тип:<class 'decimal.Decimal'>,
                    client_sell_tikker:RUB тип:<class 'str'>,
                    client_sell_value:10000 тип:<class 'decimal.Decimal'>,
                    client_email:ebuzuev@gmail.com тип:<class 'str'>,
                    router_number:2 тип:<class 'int'>
            
2024-03-28 20:14:41,473 - exchange.handlers - INFO - Id User: 1
2024-03-28 20:14:45,412 - sevices - INFO - Нашел заказ: 2
2024-03-28 20:14:50,121 - background_tasks.handlers - INFO - Получаю актульные курсы
2024-03-28 20:14:50,126 - background_tasks.handlers - INFO - Фиат:RUB
2024-03-28 20:14:50,126 - background_tasks.handlers - INFO - Крипта:LTC
2024-03-28 20:14:50,127 - background_tasks.handlers - INFO - Крипта:BTC
2024-03-28 20:14:50,127 - background_tasks.handlers - INFO - Фиат:USD
2024-03-28 20:14:50,127 - background_tasks.handlers - INFO - Фиат:['rub', 'usd']
2024-03-28 20:14:50,127 - background_tasks.handlers - INFO - Крипта:['litecoin', 'bitcoin']
2024-03-28 20:14:50,532 - httpx - INFO - HTTP Request: GET https://api.coingecko.com/api/v3/simple/price?ids=litecoin%2Cbitcoin&vs_currencies=rub%2Cusd "HTTP/1.1 200 OK"
2024-03-28 20:14:50,535 - price_parser.parser - INFO - Parser status: 200
2024-03-28 20:14:50,537 - price_parser.parser - INFO - response: {'bitcoin': {'rub': 6548231, 'usd': 70721}, 'litecoin': {'rub': 8844.81, 'usd': 95.52}}
2024-03-28 20:14:50,538 - background_tasks.handlers - INFO - ответ:{'bitcoin': {'rub': 6548231, 'usd': 70721}, 'litecoin': {'rub': 8844.81, 'usd': 95.52}}
2024-03-28 20:14:50,539 - background_tasks.handlers - INFO - Курсы: {'bitcoin': {'rub': 6548231, 'usd': 70721}, 'litecoin': {'rub': 8844.81, 'usd': 95.52}}, тип: <class 'dict'>
2024-03-28 20:14:50,540 - background_tasks.handlers - INFO - Парсинг спит 10 мин
2024-03-28 20:14:56,595 - sevices - INFO - Нашел заказ: 2
2024-03-28 20:15:06,604 - sevices - INFO - Нашел заказ: 2
2024-03-28 20:15:07,820 - exchange.routers - INFO - UUID пользователя 1
2024-03-28 20:15:07,821 - sevices - INFO - Статус пользователя: 1
2024-03-28 20:15:09,172 - sevices - INFO - 
                Типы до десериализации:
                    client_crypto_wallet:qioweoqweqwoeiwoe тип:<class 'str'>,
                    client_cc_holder:ebuzuev тип:<class 'str'>,
                    client_credit_card_number:120310239012933 тип:<class 'str'>,
                    client_buy_tikker:BTC тип:<class 'str'>,
                    client_buy_value:0.0014 тип:<class 'str'>,
                    client_sell_tikker:RUB тип:<class 'str'>,
                    client_sell_value:10000 тип:<class 'str'>,
                    client_email:ebuzuev@gmail.com тип:<class 'str'>,
                    router_number:3 тип:<class 'str'>
            
2024-03-28 20:15:09,178 - sevices - INFO - 
                Типы после десериализации:
                    client_crypto_wallet:qioweoqweqwoeiwoe тип:<class 'str'>,
                    client_cc_holder:ebuzuev тип:<class 'str'>,
                    client_credit_card_number:120310239012933 тип:<class 'str'>,
                    client_buy_tikker:BTC тип:<class 'str'>,
                    client_buy_value:0.0014 тип:<class 'decimal.Decimal'>,
                    client_sell_tikker:RUB тип:<class 'str'>,
                    client_sell_value:10000 тип:<class 'decimal.Decimal'>,
                    client_email:ebuzuev@gmail.com тип:<class 'str'>,
                    router_number:3 тип:<class 'int'>
            
2024-03-28 20:15:09,195 - sevices - INFO - Нашел заказ: 2
2024-03-28 20:15:09,196 - exchange.routers - INFO - Номер заявки: 2
2024-03-28 20:15:09,199 - orders.repositories - INFO - Апнут селл пеймент UPDATE "order" SET sell_payment_option_id=:sell_payment_option_id WHERE "order".id = :id_1
2024-03-28 20:15:09,200 - orders.repositories - INFO - Апнут бай пеймент UPDATE "order" SET buy_payment_option_id=:buy_payment_option_id WHERE "order".id = :id_1
2024-03-28 20:15:16,614 - sevices - INFO - Нашел заказ: 2
2024-03-28 20:15:26,624 - sevices - INFO - Нашел заказ: 2
2024-03-28 20:15:36,633 - sevices - INFO - Нашел заказ: 2
2024-03-28 20:15:46,643 - sevices - INFO - Нашел заказ: 2
2024-03-28 20:15:50,542 - background_tasks.handlers - INFO - Получаю актульные курсы
2024-03-28 20:15:50,548 - background_tasks.handlers - INFO - Фиат:RUB
2024-03-28 20:15:50,549 - background_tasks.handlers - INFO - Крипта:LTC
2024-03-28 20:15:50,549 - background_tasks.handlers - INFO - Крипта:BTC
2024-03-28 20:15:50,549 - background_tasks.handlers - INFO - Фиат:USD
2024-03-28 20:15:50,550 - background_tasks.handlers - INFO - Фиат:['rub', 'usd']
2024-03-28 20:15:50,550 - background_tasks.handlers - INFO - Крипта:['litecoin', 'bitcoin']
2024-03-28 20:15:50,946 - httpx - INFO - HTTP Request: GET https://api.coingecko.com/api/v3/simple/price?ids=litecoin%2Cbitcoin&vs_currencies=rub%2Cusd "HTTP/1.1 200 OK"
2024-03-28 20:15:50,948 - price_parser.parser - INFO - Parser status: 200
2024-03-28 20:15:50,948 - price_parser.parser - INFO - response: {'bitcoin': {'rub': 6548231, 'usd': 70721}, 'litecoin': {'rub': 8844.81, 'usd': 95.52}}
2024-03-28 20:15:50,949 - background_tasks.handlers - INFO - ответ:{'bitcoin': {'rub': 6548231, 'usd': 70721}, 'litecoin': {'rub': 8844.81, 'usd': 95.52}}
2024-03-28 20:15:50,949 - background_tasks.handlers - INFO - Курсы: {'bitcoin': {'rub': 6548231, 'usd': 70721}, 'litecoin': {'rub': 8844.81, 'usd': 95.52}}, тип: <class 'dict'>
2024-03-28 20:15:50,950 - background_tasks.handlers - INFO - Парсинг спит 10 мин
2024-03-28 20:15:56,664 - sevices - INFO - Нашел заказ: 2
2024-03-28 20:16:06,679 - sevices - INFO - Нашел заказ: 2
2024-03-28 20:16:16,692 - sevices - INFO - Нашел заказ: 2
2024-03-28 20:16:26,710 - sevices - INFO - Нашел заказ: 2
2024-03-28 20:16:36,727 - sevices - INFO - Нашел заказ: 2
2024-03-28 20:16:46,849 - sevices - INFO - Статус пользователя: 1
2024-03-28 20:16:50,952 - background_tasks.handlers - INFO - Получаю актульные курсы
2024-03-28 20:16:50,959 - background_tasks.handlers - INFO - Фиат:RUB
2024-03-28 20:16:50,959 - background_tasks.handlers - INFO - Крипта:LTC
2024-03-28 20:16:50,960 - background_tasks.handlers - INFO - Крипта:BTC
2024-03-28 20:16:50,960 - background_tasks.handlers - INFO - Фиат:USD
2024-03-28 20:16:50,960 - background_tasks.handlers - INFO - Фиат:['rub', 'usd']
2024-03-28 20:16:50,960 - background_tasks.handlers - INFO - Крипта:['litecoin', 'bitcoin']
2024-03-28 20:16:51,771 - httpx - INFO - HTTP Request: GET https://api.coingecko.com/api/v3/simple/price?ids=litecoin%2Cbitcoin&vs_currencies=rub%2Cusd "HTTP/1.1 200 OK"
2024-03-28 20:16:51,774 - price_parser.parser - INFO - Parser status: 200
2024-03-28 20:16:51,775 - price_parser.parser - INFO - response: {'bitcoin': {'rub': 6538419, 'usd': 70615}, 'litecoin': {'rub': 8808.9, 'usd': 95.14}}
2024-03-28 20:16:51,777 - background_tasks.handlers - INFO - ответ:{'bitcoin': {'rub': 6538419, 'usd': 70615}, 'litecoin': {'rub': 8808.9, 'usd': 95.14}}
2024-03-28 20:16:51,778 - background_tasks.handlers - INFO - Курсы: {'bitcoin': {'rub': 6538419, 'usd': 70615}, 'litecoin': {'rub': 8808.9, 'usd': 95.14}}, тип: <class 'dict'>
2024-03-28 20:16:51,779 - background_tasks.handlers - INFO - Парсинг спит 10 мин
2024-03-28 20:17:51,780 - background_tasks.handlers - INFO - Получаю актульные курсы
2024-03-28 20:17:51,785 - background_tasks.handlers - INFO - Фиат:RUB
2024-03-28 20:17:51,785 - background_tasks.handlers - INFO - Крипта:LTC
2024-03-28 20:17:51,786 - background_tasks.handlers - INFO - Крипта:BTC
2024-03-28 20:17:51,786 - background_tasks.handlers - INFO - Фиат:USD
2024-03-28 20:17:51,786 - background_tasks.handlers - INFO - Фиат:['rub', 'usd']
2024-03-28 20:17:51,786 - background_tasks.handlers - INFO - Крипта:['litecoin', 'bitcoin']
2024-03-28 20:17:52,695 - httpx - INFO - HTTP Request: GET https://api.coingecko.com/api/v3/simple/price?ids=litecoin%2Cbitcoin&vs_currencies=rub%2Cusd "HTTP/1.1 200 OK"
2024-03-28 20:17:52,698 - price_parser.parser - INFO - Parser status: 200
2024-03-28 20:17:52,698 - price_parser.parser - INFO - response: {'bitcoin': {'rub': 6538419, 'usd': 70615}, 'litecoin': {'rub': 8808.9, 'usd': 95.14}}
2024-03-28 20:17:52,699 - background_tasks.handlers - INFO - ответ:{'bitcoin': {'rub': 6538419, 'usd': 70615}, 'litecoin': {'rub': 8808.9, 'usd': 95.14}}
2024-03-28 20:17:52,699 - background_tasks.handlers - INFO - Курсы: {'bitcoin': {'rub': 6538419, 'usd': 70615}, 'litecoin': {'rub': 8808.9, 'usd': 95.14}}, тип: <class 'dict'>
2024-03-28 20:17:52,700 - background_tasks.handlers - INFO - Парсинг спит 10 мин
2024-03-28 20:18:16,656 - sevices - INFO - Статус пользователя: 1
2024-03-28 20:18:16,658 - sevices - INFO - 
                Типы до десериализации:
                    client_crypto_wallet:qioweoqweqwoeiwoe тип:<class 'str'>,
                    client_cc_holder:ebuzuev тип:<class 'str'>,
                    client_credit_card_number:120310239012933 тип:<class 'str'>,
                    client_buy_tikker:BTC тип:<class 'str'>,
                    client_buy_value:0.0014 тип:<class 'str'>,
                    client_sell_tikker:RUB тип:<class 'str'>,
                    client_sell_value:10000 тип:<class 'str'>,
                    client_email:ebuzuev@gmail.com тип:<class 'str'>,
                    router_number:2 тип:<class 'str'>
            
2024-03-28 20:18:16,666 - sevices - INFO - 
                Типы после десериализации:
                    client_crypto_wallet:qioweoqweqwoeiwoe тип:<class 'str'>,
                    client_cc_holder:ebuzuev тип:<class 'str'>,
                    client_credit_card_number:120310239012933 тип:<class 'str'>,
                    client_buy_tikker:BTC тип:<class 'str'>,
                    client_buy_value:0.0014 тип:<class 'decimal.Decimal'>,
                    client_sell_tikker:RUB тип:<class 'str'>,
                    client_sell_value:10000 тип:<class 'decimal.Decimal'>,
                    client_email:ebuzuev@gmail.com тип:<class 'str'>,
                    router_number:2 тип:<class 'int'>
            
2024-03-28 20:18:24,373 - sevices - INFO - Статус пользователя: 1
2024-03-28 20:18:24,374 - sevices - INFO - 
                Типы до десериализации:
                    client_crypto_wallet:qioweoqweqwoeiwoe тип:<class 'str'>,
                    client_cc_holder:ebuzuev тип:<class 'str'>,
                    client_credit_card_number:120310239012933 тип:<class 'str'>,
                    client_buy_tikker:BTC тип:<class 'str'>,
                    client_buy_value:0.0014 тип:<class 'str'>,
                    client_sell_tikker:RUB тип:<class 'str'>,
                    client_sell_value:10000 тип:<class 'str'>,
                    client_email:ebuzuev@gmail.com тип:<class 'str'>,
                    router_number:2 тип:<class 'str'>
            
2024-03-28 20:18:24,380 - sevices - INFO - 
                Типы после десериализации:
                    client_crypto_wallet:qioweoqweqwoeiwoe тип:<class 'str'>,
                    client_cc_holder:ebuzuev тип:<class 'str'>,
                    client_credit_card_number:120310239012933 тип:<class 'str'>,
                    client_buy_tikker:BTC тип:<class 'str'>,
                    client_buy_value:0.0014 тип:<class 'decimal.Decimal'>,
                    client_sell_tikker:RUB тип:<class 'str'>,
                    client_sell_value:10000 тип:<class 'decimal.Decimal'>,
                    client_email:ebuzuev@gmail.com тип:<class 'str'>,
                    router_number:2 тип:<class 'int'>
            
2024-03-28 20:18:24,387 - exchange.handlers - INFO - Id User: 1
2024-03-28 20:18:28,602 - sevices - INFO - Нашел заказ: 3
2024-03-28 20:18:43,598 - exchange.routers - INFO - UUID пользователя 2
2024-03-28 20:19:28,734 - background_tasks.handlers - INFO - Получаю актульные курсы
2024-03-28 20:19:28,737 - sevices - INFO - Статус пользователя: 1
2024-03-28 20:19:28,758 - background_tasks.handlers - INFO - Фиат:RUB
2024-03-28 20:19:28,759 - background_tasks.handlers - INFO - Крипта:LTC
2024-03-28 20:19:28,760 - background_tasks.handlers - INFO - Крипта:BTC
2024-03-28 20:19:28,760 - background_tasks.handlers - INFO - Фиат:USD
2024-03-28 20:19:28,761 - background_tasks.handlers - INFO - Фиат:['rub', 'usd']
2024-03-28 20:19:28,761 - background_tasks.handlers - INFO - Крипта:['litecoin', 'bitcoin']
2024-03-28 20:19:28,799 - sevices - INFO - Нашел заказ: 3
2024-03-28 20:19:29,159 - httpx - INFO - HTTP Request: GET https://api.coingecko.com/api/v3/simple/price?ids=litecoin%2Cbitcoin&vs_currencies=rub%2Cusd "HTTP/1.1 200 OK"
2024-03-28 20:19:29,165 - price_parser.parser - INFO - Parser status: 200
2024-03-28 20:19:29,166 - price_parser.parser - INFO - response: {'bitcoin': {'rub': 6538419, 'usd': 70615}, 'litecoin': {'rub': 8808.9, 'usd': 95.14}}
2024-03-28 20:19:29,168 - background_tasks.handlers - INFO - ответ:{'bitcoin': {'rub': 6538419, 'usd': 70615}, 'litecoin': {'rub': 8808.9, 'usd': 95.14}}
2024-03-28 20:19:29,168 - background_tasks.handlers - INFO - Курсы: {'bitcoin': {'rub': 6538419, 'usd': 70615}, 'litecoin': {'rub': 8808.9, 'usd': 95.14}}, тип: <class 'dict'>
2024-03-28 20:19:29,170 - background_tasks.handlers - INFO - Парсинг спит 10 мин
2024-03-28 20:19:30,391 - sevices - INFO - 
                Типы до десериализации:
                    client_crypto_wallet:qioweoqweqwoeiwoe тип:<class 'str'>,
                    client_cc_holder:ebuzuev тип:<class 'str'>,
                    client_credit_card_number:120310239012933 тип:<class 'str'>,
                    client_buy_tikker:BTC тип:<class 'str'>,
                    client_buy_value:0.0014 тип:<class 'str'>,
                    client_sell_tikker:RUB тип:<class 'str'>,
                    client_sell_value:10000 тип:<class 'str'>,
                    client_email:ebuzuev@gmail.com тип:<class 'str'>,
                    router_number:3 тип:<class 'str'>
            
2024-03-28 20:19:30,401 - sevices - INFO - 
                Типы после десериализации:
                    client_crypto_wallet:qioweoqweqwoeiwoe тип:<class 'str'>,
                    client_cc_holder:ebuzuev тип:<class 'str'>,
                    client_credit_card_number:120310239012933 тип:<class 'str'>,
                    client_buy_tikker:BTC тип:<class 'str'>,
                    client_buy_value:0.0014 тип:<class 'decimal.Decimal'>,
                    client_sell_tikker:RUB тип:<class 'str'>,
                    client_sell_value:10000 тип:<class 'decimal.Decimal'>,
                    client_email:ebuzuev@gmail.com тип:<class 'str'>,
                    router_number:3 тип:<class 'int'>
            
2024-03-28 20:19:30,411 - sevices - INFO - Нашел заказ: 3
2024-03-28 20:19:30,412 - exchange.routers - INFO - Номер заявки: 3
2024-03-28 20:19:30,417 - orders.repositories - INFO - Апнут селл пеймент UPDATE "order" SET sell_payment_option_id=:sell_payment_option_id WHERE "order".id = :id_1
2024-03-28 20:19:30,421 - orders.repositories - INFO - Апнут бай пеймент UPDATE "order" SET buy_payment_option_id=:buy_payment_option_id WHERE "order".id = :id_1
2024-03-28 20:19:38,857 - sevices - INFO - Нашел заказ: 3
2024-03-28 20:19:48,875 - sevices - INFO - Нашел заказ: 3
2024-03-28 20:19:58,890 - sevices - INFO - Нашел заказ: 3
2024-03-28 20:20:08,905 - sevices - INFO - Нашел заказ: 3
2024-03-28 20:20:18,920 - sevices - INFO - Нашел заказ: 3
2024-03-28 20:20:28,946 - sevices - INFO - Нашел заказ: 3
2024-03-28 20:20:29,172 - background_tasks.handlers - INFO - Получаю актульные курсы
2024-03-28 20:20:29,181 - background_tasks.handlers - INFO - Фиат:RUB
2024-03-28 20:20:29,181 - background_tasks.handlers - INFO - Крипта:LTC
2024-03-28 20:20:29,182 - background_tasks.handlers - INFO - Крипта:BTC
2024-03-28 20:20:29,183 - background_tasks.handlers - INFO - Фиат:USD
2024-03-28 20:20:29,183 - background_tasks.handlers - INFO - Фиат:['rub', 'usd']
2024-03-28 20:20:29,184 - background_tasks.handlers - INFO - Крипта:['litecoin', 'bitcoin']
2024-03-28 20:20:29,574 - httpx - INFO - HTTP Request: GET https://api.coingecko.com/api/v3/simple/price?ids=litecoin%2Cbitcoin&vs_currencies=rub%2Cusd "HTTP/1.1 200 OK"
2024-03-28 20:20:29,580 - price_parser.parser - INFO - Parser status: 200
2024-03-28 20:20:29,580 - price_parser.parser - INFO - response: {'bitcoin': {'rub': 6538419, 'usd': 70615}, 'litecoin': {'rub': 8808.9, 'usd': 95.14}}
2024-03-28 20:20:29,582 - background_tasks.handlers - INFO - ответ:{'bitcoin': {'rub': 6538419, 'usd': 70615}, 'litecoin': {'rub': 8808.9, 'usd': 95.14}}
2024-03-28 20:20:29,583 - background_tasks.handlers - INFO - Курсы: {'bitcoin': {'rub': 6538419, 'usd': 70615}, 'litecoin': {'rub': 8808.9, 'usd': 95.14}}, тип: <class 'dict'>
2024-03-28 20:20:29,585 - background_tasks.handlers - INFO - Парсинг спит 10 мин
2024-03-28 20:20:38,974 - sevices - INFO - Нашел заказ: 3
2024-03-28 20:20:48,994 - sevices - INFO - Нашел заказ: 3
2024-03-28 20:20:59,015 - sevices - INFO - Нашел заказ: 3
2024-03-28 20:21:09,036 - sevices - INFO - Нашел заказ: 3
2024-03-28 20:21:19,057 - sevices - INFO - Нашел заказ: 3
2024-03-28 20:21:29,078 - sevices - INFO - Нашел заказ: 3
2024-03-28 20:21:29,587 - background_tasks.handlers - INFO - Получаю актульные курсы
2024-03-28 20:21:29,595 - background_tasks.handlers - INFO - Фиат:RUB
2024-03-28 20:21:29,595 - background_tasks.handlers - INFO - Крипта:LTC
2024-03-28 20:21:29,596 - background_tasks.handlers - INFO - Крипта:BTC
2024-03-28 20:21:29,597 - background_tasks.handlers - INFO - Фиат:USD
2024-03-28 20:21:29,597 - background_tasks.handlers - INFO - Фиат:['rub', 'usd']
2024-03-28 20:21:29,598 - background_tasks.handlers - INFO - Крипта:['litecoin', 'bitcoin']
2024-03-28 20:21:30,194 - httpx - INFO - HTTP Request: GET https://api.coingecko.com/api/v3/simple/price?ids=litecoin%2Cbitcoin&vs_currencies=rub%2Cusd "HTTP/1.1 200 OK"
2024-03-28 20:21:30,200 - price_parser.parser - INFO - Parser status: 200
2024-03-28 20:21:30,201 - price_parser.parser - INFO - response: {'bitcoin': {'rub': 6538419, 'usd': 70615}, 'litecoin': {'rub': 8808.9, 'usd': 95.14}}
2024-03-28 20:21:30,203 - background_tasks.handlers - INFO - ответ:{'bitcoin': {'rub': 6538419, 'usd': 70615}, 'litecoin': {'rub': 8808.9, 'usd': 95.14}}
2024-03-28 20:21:30,204 - background_tasks.handlers - INFO - Курсы: {'bitcoin': {'rub': 6538419, 'usd': 70615}, 'litecoin': {'rub': 8808.9, 'usd': 95.14}}, тип: <class 'dict'>
2024-03-28 20:21:30,206 - background_tasks.handlers - INFO - Парсинг спит 10 мин
2024-03-28 20:21:39,097 - sevices - INFO - Нашел заказ: 3
2024-03-28 20:21:49,118 - sevices - INFO - Нашел заказ: 3
2024-03-28 20:21:59,140 - sevices - INFO - Нашел заказ: 3
2024-03-28 20:22:09,162 - sevices - INFO - Нашел заказ: 3
2024-03-28 20:22:19,184 - sevices - INFO - Нашел заказ: 3
2024-03-28 20:22:29,207 - sevices - INFO - Нашел заказ: 3
2024-03-28 20:22:30,207 - background_tasks.handlers - INFO - Получаю актульные курсы
2024-03-28 20:22:30,216 - background_tasks.handlers - INFO - Фиат:RUB
2024-03-28 20:22:30,217 - background_tasks.handlers - INFO - Крипта:LTC
2024-03-28 20:22:30,217 - background_tasks.handlers - INFO - Крипта:BTC
2024-03-28 20:22:30,218 - background_tasks.handlers - INFO - Фиат:USD
2024-03-28 20:22:30,218 - background_tasks.handlers - INFO - Фиат:['rub', 'usd']
2024-03-28 20:22:30,219 - background_tasks.handlers - INFO - Крипта:['litecoin', 'bitcoin']
2024-03-28 20:22:30,610 - httpx - INFO - HTTP Request: GET https://api.coingecko.com/api/v3/simple/price?ids=litecoin%2Cbitcoin&vs_currencies=rub%2Cusd "HTTP/1.1 200 OK"
2024-03-28 20:22:30,616 - price_parser.parser - INFO - Parser status: 200
2024-03-28 20:22:30,617 - price_parser.parser - INFO - response: {'bitcoin': {'rub': 6538419, 'usd': 70615}, 'litecoin': {'rub': 8808.9, 'usd': 95.14}}
2024-03-28 20:22:30,619 - background_tasks.handlers - INFO - ответ:{'bitcoin': {'rub': 6538419, 'usd': 70615}, 'litecoin': {'rub': 8808.9, 'usd': 95.14}}
2024-03-28 20:22:30,620 - background_tasks.handlers - INFO - Курсы: {'bitcoin': {'rub': 6538419, 'usd': 70615}, 'litecoin': {'rub': 8808.9, 'usd': 95.14}}, тип: <class 'dict'>
2024-03-28 20:22:30,622 - background_tasks.handlers - INFO - Парсинг спит 10 мин
2024-03-28 20:22:39,227 - sevices - INFO - Нашел заказ: 3
2024-03-28 20:22:49,248 - sevices - INFO - Нашел заказ: 3
2024-03-28 20:22:59,270 - sevices - INFO - Нашел заказ: 3
2024-03-28 20:23:09,292 - sevices - INFO - Нашел заказ: 3
2024-03-28 20:23:19,315 - sevices - INFO - Нашел заказ: 3
2024-03-28 20:23:29,339 - sevices - INFO - Нашел заказ: 3
2024-03-28 20:23:30,625 - background_tasks.handlers - INFO - Получаю актульные курсы
2024-03-28 20:23:30,633 - background_tasks.handlers - INFO - Фиат:RUB
2024-03-28 20:23:30,634 - background_tasks.handlers - INFO - Крипта:LTC
2024-03-28 20:23:30,634 - background_tasks.handlers - INFO - Крипта:BTC
2024-03-28 20:23:30,635 - background_tasks.handlers - INFO - Фиат:USD
2024-03-28 20:23:30,635 - background_tasks.handlers - INFO - Фиат:['rub', 'usd']
2024-03-28 20:23:30,636 - background_tasks.handlers - INFO - Крипта:['litecoin', 'bitcoin']
2024-03-28 20:23:31,025 - httpx - INFO - HTTP Request: GET https://api.coingecko.com/api/v3/simple/price?ids=litecoin%2Cbitcoin&vs_currencies=rub%2Cusd "HTTP/1.1 200 OK"
2024-03-28 20:23:31,032 - price_parser.parser - INFO - Parser status: 200
2024-03-28 20:23:31,033 - price_parser.parser - INFO - response: {'bitcoin': {'rub': 6538419, 'usd': 70615}, 'litecoin': {'rub': 8808.9, 'usd': 95.14}}
2024-03-28 20:23:31,035 - background_tasks.handlers - INFO - ответ:{'bitcoin': {'rub': 6538419, 'usd': 70615}, 'litecoin': {'rub': 8808.9, 'usd': 95.14}}
2024-03-28 20:23:31,036 - background_tasks.handlers - INFO - Курсы: {'bitcoin': {'rub': 6538419, 'usd': 70615}, 'litecoin': {'rub': 8808.9, 'usd': 95.14}}, тип: <class 'dict'>
2024-03-28 20:23:31,038 - background_tasks.handlers - INFO - Парсинг спит 10 мин
2024-03-28 20:23:39,363 - sevices - INFO - Нашел заказ: 3
2024-03-28 20:23:49,386 - sevices - INFO - Нашел заказ: 3
2024-03-28 20:23:59,406 - sevices - INFO - Нашел заказ: 3
2024-03-28 20:24:09,428 - sevices - INFO - Нашел заказ: 3
2024-03-28 20:24:19,449 - sevices - INFO - Нашел заказ: 3
2024-03-28 20:24:29,471 - sevices - INFO - Нашел заказ: 3
2024-03-28 20:24:31,041 - background_tasks.handlers - INFO - Получаю актульные курсы
2024-03-28 20:24:31,049 - background_tasks.handlers - INFO - Фиат:RUB
2024-03-28 20:24:31,049 - background_tasks.handlers - INFO - Крипта:LTC
2024-03-28 20:24:31,050 - background_tasks.handlers - INFO - Крипта:BTC
2024-03-28 20:24:31,051 - background_tasks.handlers - INFO - Фиат:USD
2024-03-28 20:24:31,051 - background_tasks.handlers - INFO - Фиат:['rub', 'usd']
2024-03-28 20:24:31,052 - background_tasks.handlers - INFO - Крипта:['litecoin', 'bitcoin']
2024-03-28 20:24:31,430 - httpx - INFO - HTTP Request: GET https://api.coingecko.com/api/v3/simple/price?ids=litecoin%2Cbitcoin&vs_currencies=rub%2Cusd "HTTP/1.1 200 OK"
2024-03-28 20:24:31,436 - price_parser.parser - INFO - Parser status: 200
2024-03-28 20:24:31,437 - price_parser.parser - INFO - response: {'bitcoin': {'rub': 6538419, 'usd': 70615}, 'litecoin': {'rub': 8808.9, 'usd': 95.14}}
2024-03-28 20:24:31,439 - background_tasks.handlers - INFO - ответ:{'bitcoin': {'rub': 6538419, 'usd': 70615}, 'litecoin': {'rub': 8808.9, 'usd': 95.14}}
2024-03-28 20:24:31,440 - background_tasks.handlers - INFO - Курсы: {'bitcoin': {'rub': 6538419, 'usd': 70615}, 'litecoin': {'rub': 8808.9, 'usd': 95.14}}, тип: <class 'dict'>
2024-03-28 20:24:31,442 - background_tasks.handlers - INFO - Парсинг спит 10 мин
2024-03-28 20:24:39,492 - sevices - INFO - Нашел заказ: 3
2024-03-28 20:24:49,512 - sevices - INFO - Нашел заказ: 3
2024-03-28 20:24:59,532 - sevices - INFO - Нашел заказ: 3
2024-03-28 20:25:09,553 - sevices - INFO - Нашел заказ: 3
2024-03-28 20:25:19,573 - sevices - INFO - Нашел заказ: 3
2024-03-28 20:25:29,593 - sevices - INFO - Нашел заказ: 3
2024-03-28 20:25:31,445 - background_tasks.handlers - INFO - Получаю актульные курсы
2024-03-28 20:25:31,453 - background_tasks.handlers - INFO - Фиат:RUB
2024-03-28 20:25:31,454 - background_tasks.handlers - INFO - Крипта:LTC
2024-03-28 20:25:31,454 - background_tasks.handlers - INFO - Крипта:BTC
2024-03-28 20:25:31,455 - background_tasks.handlers - INFO - Фиат:USD
2024-03-28 20:25:31,456 - background_tasks.handlers - INFO - Фиат:['rub', 'usd']
2024-03-28 20:25:31,456 - background_tasks.handlers - INFO - Крипта:['litecoin', 'bitcoin']
2024-03-28 20:25:31,837 - httpx - INFO - HTTP Request: GET https://api.coingecko.com/api/v3/simple/price?ids=litecoin%2Cbitcoin&vs_currencies=rub%2Cusd "HTTP/1.1 200 OK"
2024-03-28 20:25:31,844 - price_parser.parser - INFO - Parser status: 200
2024-03-28 20:25:31,845 - price_parser.parser - INFO - response: {'bitcoin': {'rub': 6538419, 'usd': 70615}, 'litecoin': {'rub': 8808.9, 'usd': 95.14}}
2024-03-28 20:25:31,847 - background_tasks.handlers - INFO - ответ:{'bitcoin': {'rub': 6538419, 'usd': 70615}, 'litecoin': {'rub': 8808.9, 'usd': 95.14}}
2024-03-28 20:25:31,848 - background_tasks.handlers - INFO - Курсы: {'bitcoin': {'rub': 6538419, 'usd': 70615}, 'litecoin': {'rub': 8808.9, 'usd': 95.14}}, тип: <class 'dict'>
2024-03-28 20:25:31,850 - background_tasks.handlers - INFO - Парсинг спит 10 мин
2024-03-28 20:25:39,614 - sevices - INFO - Нашел заказ: 3
2024-03-28 20:25:49,635 - sevices - INFO - Нашел заказ: 3
2024-03-28 20:25:59,655 - sevices - INFO - Нашел заказ: 3
2024-03-28 20:26:09,675 - sevices - INFO - Нашел заказ: 3
2024-03-28 20:26:19,698 - sevices - INFO - Нашел заказ: 3
2024-03-28 20:26:29,781 - sevices - INFO - Нашел заказ: 3
2024-03-28 20:26:31,852 - background_tasks.handlers - INFO - Получаю актульные курсы
2024-03-28 20:26:31,860 - background_tasks.handlers - INFO - Фиат:RUB
2024-03-28 20:26:31,861 - background_tasks.handlers - INFO - Крипта:LTC
2024-03-28 20:26:31,861 - background_tasks.handlers - INFO - Крипта:BTC
2024-03-28 20:26:31,862 - background_tasks.handlers - INFO - Фиат:USD
2024-03-28 20:26:31,862 - background_tasks.handlers - INFO - Фиат:['rub', 'usd']
2024-03-28 20:26:31,863 - background_tasks.handlers - INFO - Крипта:['litecoin', 'bitcoin']
2024-03-28 20:26:33,167 - httpx - INFO - HTTP Request: GET https://api.coingecko.com/api/v3/simple/price?ids=litecoin%2Cbitcoin&vs_currencies=rub%2Cusd "HTTP/1.1 200 OK"
2024-03-28 20:26:33,173 - price_parser.parser - INFO - Parser status: 200
2024-03-28 20:26:33,174 - price_parser.parser - INFO - response: {'bitcoin': {'rub': 6529376, 'usd': 70517}, 'litecoin': {'rub': 8809.01, 'usd': 95.14}}
2024-03-28 20:26:33,176 - background_tasks.handlers - INFO - ответ:{'bitcoin': {'rub': 6529376, 'usd': 70517}, 'litecoin': {'rub': 8809.01, 'usd': 95.14}}
2024-03-28 20:26:33,177 - background_tasks.handlers - INFO - Курсы: {'bitcoin': {'rub': 6529376, 'usd': 70517}, 'litecoin': {'rub': 8809.01, 'usd': 95.14}}, тип: <class 'dict'>
2024-03-28 20:26:33,179 - background_tasks.handlers - INFO - Парсинг спит 10 мин
2024-03-28 20:26:39,802 - sevices - INFO - Нашел заказ: 3
2024-03-28 20:26:49,823 - sevices - INFO - Нашел заказ: 3
2024-03-28 20:26:59,844 - sevices - INFO - Нашел заказ: 3
2024-03-28 20:27:09,865 - sevices - INFO - Нашел заказ: 3
2024-03-28 20:27:19,885 - sevices - INFO - Нашел заказ: 3
2024-03-28 20:27:29,905 - sevices - INFO - Нашел заказ: 3
2024-03-28 20:27:33,181 - background_tasks.handlers - INFO - Получаю актульные курсы
2024-03-28 20:27:33,190 - background_tasks.handlers - INFO - Фиат:RUB
2024-03-28 20:27:33,191 - background_tasks.handlers - INFO - Крипта:LTC
2024-03-28 20:27:33,191 - background_tasks.handlers - INFO - Крипта:BTC
2024-03-28 20:27:33,192 - background_tasks.handlers - INFO - Фиат:USD
2024-03-28 20:27:33,192 - background_tasks.handlers - INFO - Фиат:['rub', 'usd']
2024-03-28 20:27:33,193 - background_tasks.handlers - INFO - Крипта:['litecoin', 'bitcoin']
2024-03-28 20:27:34,088 - httpx - INFO - HTTP Request: GET https://api.coingecko.com/api/v3/simple/price?ids=litecoin%2Cbitcoin&vs_currencies=rub%2Cusd "HTTP/1.1 200 OK"
2024-03-28 20:27:34,094 - price_parser.parser - INFO - Parser status: 200
2024-03-28 20:27:34,095 - price_parser.parser - INFO - response: {'bitcoin': {'rub': 6529376, 'usd': 70517}, 'litecoin': {'rub': 8809.01, 'usd': 95.14}}
2024-03-28 20:27:34,097 - background_tasks.handlers - INFO - ответ:{'bitcoin': {'rub': 6529376, 'usd': 70517}, 'litecoin': {'rub': 8809.01, 'usd': 95.14}}
2024-03-28 20:27:34,097 - background_tasks.handlers - INFO - Курсы: {'bitcoin': {'rub': 6529376, 'usd': 70517}, 'litecoin': {'rub': 8809.01, 'usd': 95.14}}, тип: <class 'dict'>
2024-03-28 20:27:34,099 - background_tasks.handlers - INFO - Парсинг спит 10 мин
2024-03-28 20:27:39,926 - sevices - INFO - Нашел заказ: 3
2024-03-28 20:27:49,947 - sevices - INFO - Нашел заказ: 3
2024-03-28 20:27:59,967 - sevices - INFO - Нашел заказ: 3
2024-03-28 20:28:09,988 - sevices - INFO - Нашел заказ: 3
2024-03-28 20:28:20,008 - sevices - INFO - Нашел заказ: 3
2024-03-28 20:28:30,030 - sevices - INFO - Нашел заказ: 3
2024-03-28 20:28:34,102 - background_tasks.handlers - INFO - Получаю актульные курсы
2024-03-28 20:28:34,110 - background_tasks.handlers - INFO - Фиат:RUB
2024-03-28 20:28:34,111 - background_tasks.handlers - INFO - Крипта:LTC
2024-03-28 20:28:34,112 - background_tasks.handlers - INFO - Крипта:BTC
2024-03-28 20:28:34,112 - background_tasks.handlers - INFO - Фиат:USD
2024-03-28 20:28:34,113 - background_tasks.handlers - INFO - Фиат:['rub', 'usd']
2024-03-28 20:28:34,113 - background_tasks.handlers - INFO - Крипта:['litecoin', 'bitcoin']
2024-03-28 20:28:34,396 - httpx - INFO - HTTP Request: GET https://api.coingecko.com/api/v3/simple/price?ids=litecoin%2Cbitcoin&vs_currencies=rub%2Cusd "HTTP/1.1 200 OK"
2024-03-28 20:28:34,402 - price_parser.parser - INFO - Parser status: 200
2024-03-28 20:28:34,403 - price_parser.parser - INFO - response: {'bitcoin': {'rub': 6529376, 'usd': 70517}, 'litecoin': {'rub': 8809.01, 'usd': 95.14}}
2024-03-28 20:28:34,405 - background_tasks.handlers - INFO - ответ:{'bitcoin': {'rub': 6529376, 'usd': 70517}, 'litecoin': {'rub': 8809.01, 'usd': 95.14}}
2024-03-28 20:28:34,406 - background_tasks.handlers - INFO - Курсы: {'bitcoin': {'rub': 6529376, 'usd': 70517}, 'litecoin': {'rub': 8809.01, 'usd': 95.14}}, тип: <class 'dict'>
2024-03-28 20:28:34,408 - background_tasks.handlers - INFO - Парсинг спит 10 мин
2024-03-28 20:28:40,050 - sevices - INFO - Нашел заказ: 3
2024-03-28 20:28:50,071 - sevices - INFO - Нашел заказ: 3
2024-03-28 20:29:00,091 - sevices - INFO - Нашел заказ: 3
2024-03-28 20:29:10,110 - sevices - INFO - Нашел заказ: 3
2024-03-28 20:29:20,130 - sevices - INFO - Нашел заказ: 3
2024-03-28 20:29:30,151 - sevices - INFO - Нашел заказ: 3
2024-03-28 20:29:34,409 - background_tasks.handlers - INFO - Получаю актульные курсы
2024-03-28 20:29:34,418 - background_tasks.handlers - INFO - Фиат:RUB
2024-03-28 20:29:34,419 - background_tasks.handlers - INFO - Крипта:LTC
2024-03-28 20:29:34,419 - background_tasks.handlers - INFO - Крипта:BTC
2024-03-28 20:29:34,420 - background_tasks.handlers - INFO - Фиат:USD
2024-03-28 20:29:34,420 - background_tasks.handlers - INFO - Фиат:['rub', 'usd']
2024-03-28 20:29:34,421 - background_tasks.handlers - INFO - Крипта:['litecoin', 'bitcoin']
2024-03-28 20:29:34,808 - httpx - INFO - HTTP Request: GET https://api.coingecko.com/api/v3/simple/price?ids=litecoin%2Cbitcoin&vs_currencies=rub%2Cusd "HTTP/1.1 200 OK"
2024-03-28 20:29:34,815 - price_parser.parser - INFO - Parser status: 200
2024-03-28 20:29:34,815 - price_parser.parser - INFO - response: {'bitcoin': {'rub': 6529376, 'usd': 70517}, 'litecoin': {'rub': 8809.01, 'usd': 95.14}}
2024-03-28 20:29:34,818 - background_tasks.handlers - INFO - ответ:{'bitcoin': {'rub': 6529376, 'usd': 70517}, 'litecoin': {'rub': 8809.01, 'usd': 95.14}}
2024-03-28 20:29:34,819 - background_tasks.handlers - INFO - Курсы: {'bitcoin': {'rub': 6529376, 'usd': 70517}, 'litecoin': {'rub': 8809.01, 'usd': 95.14}}, тип: <class 'dict'>
2024-03-28 20:29:34,821 - background_tasks.handlers - INFO - Парсинг спит 10 мин
2024-03-28 20:30:34,824 - background_tasks.handlers - INFO - Получаю актульные курсы
2024-03-28 20:30:34,832 - background_tasks.handlers - INFO - Фиат:RUB
2024-03-28 20:30:34,833 - background_tasks.handlers - INFO - Крипта:LTC
2024-03-28 20:30:34,834 - background_tasks.handlers - INFO - Крипта:BTC
2024-03-28 20:30:34,835 - background_tasks.handlers - INFO - Фиат:USD
2024-03-28 20:30:34,835 - background_tasks.handlers - INFO - Фиат:['rub', 'usd']
2024-03-28 20:30:34,836 - background_tasks.handlers - INFO - Крипта:['litecoin', 'bitcoin']
2024-03-28 20:30:35,219 - httpx - INFO - HTTP Request: GET https://api.coingecko.com/api/v3/simple/price?ids=litecoin%2Cbitcoin&vs_currencies=rub%2Cusd "HTTP/1.1 200 OK"
2024-03-28 20:30:35,225 - price_parser.parser - INFO - Parser status: 200
2024-03-28 20:30:35,226 - price_parser.parser - INFO - response: {'bitcoin': {'rub': 6529376, 'usd': 70517}, 'litecoin': {'rub': 8809.01, 'usd': 95.14}}
2024-03-28 20:30:35,228 - background_tasks.handlers - INFO - ответ:{'bitcoin': {'rub': 6529376, 'usd': 70517}, 'litecoin': {'rub': 8809.01, 'usd': 95.14}}
2024-03-28 20:30:35,229 - background_tasks.handlers - INFO - Курсы: {'bitcoin': {'rub': 6529376, 'usd': 70517}, 'litecoin': {'rub': 8809.01, 'usd': 95.14}}, тип: <class 'dict'>
2024-03-28 20:30:35,231 - background_tasks.handlers - INFO - Парсинг спит 10 мин
2024-03-28 20:31:35,234 - background_tasks.handlers - INFO - Получаю актульные курсы
2024-03-28 20:31:35,242 - background_tasks.handlers - INFO - Фиат:RUB
2024-03-28 20:31:35,243 - background_tasks.handlers - INFO - Крипта:LTC
2024-03-28 20:31:35,244 - background_tasks.handlers - INFO - Крипта:BTC
2024-03-28 20:31:35,244 - background_tasks.handlers - INFO - Фиат:USD
2024-03-28 20:31:35,245 - background_tasks.handlers - INFO - Фиат:['rub', 'usd']
2024-03-28 20:31:35,246 - background_tasks.handlers - INFO - Крипта:['litecoin', 'bitcoin']
2024-03-28 20:31:35,837 - httpx - INFO - HTTP Request: GET https://api.coingecko.com/api/v3/simple/price?ids=litecoin%2Cbitcoin&vs_currencies=rub%2Cusd "HTTP/1.1 200 OK"
2024-03-28 20:31:35,843 - price_parser.parser - INFO - Parser status: 200
2024-03-28 20:31:35,844 - price_parser.parser - INFO - response: {'bitcoin': {'rub': 6542652, 'usd': 70661}, 'litecoin': {'rub': 8835.97, 'usd': 95.43}}
2024-03-28 20:31:35,846 - background_tasks.handlers - INFO - ответ:{'bitcoin': {'rub': 6542652, 'usd': 70661}, 'litecoin': {'rub': 8835.97, 'usd': 95.43}}
2024-03-28 20:31:35,847 - background_tasks.handlers - INFO - Курсы: {'bitcoin': {'rub': 6542652, 'usd': 70661}, 'litecoin': {'rub': 8835.97, 'usd': 95.43}}, тип: <class 'dict'>
2024-03-28 20:31:35,849 - background_tasks.handlers - INFO - Парсинг спит 10 мин
2024-03-28 21:30:22,860 - __main__ - INFO - --- Start up App ---
2024-03-28 21:30:22,860 - background_tasks.handlers - INFO - Получаю актульные курсы
2024-03-28 21:30:23,025 - background_tasks.handlers - INFO - Фиат:RUB
2024-03-28 21:30:23,025 - background_tasks.handlers - INFO - Крипта:LTC
2024-03-28 21:30:23,026 - background_tasks.handlers - INFO - Крипта:BTC
2024-03-28 21:30:23,026 - background_tasks.handlers - INFO - Фиат:USD
2024-03-28 21:30:23,026 - background_tasks.handlers - INFO - Фиат:['rub', 'usd']
2024-03-28 21:30:23,026 - background_tasks.handlers - INFO - Крипта:['litecoin', 'bitcoin']
2024-03-28 21:30:23,906 - httpx - INFO - HTTP Request: GET https://api.coingecko.com/api/v3/simple/price?ids=litecoin%2Cbitcoin&vs_currencies=rub%2Cusd "HTTP/1.1 200 OK"
2024-03-28 21:30:23,910 - price_parser.parser - INFO - Parser status: 200
2024-03-28 21:30:23,911 - price_parser.parser - INFO - response: {'bitcoin': {'rub': 6563188, 'usd': 70882}, 'litecoin': {'rub': 8803.45, 'usd': 95.08}}
2024-03-28 21:30:23,912 - background_tasks.handlers - INFO - ответ:{'bitcoin': {'rub': 6563188, 'usd': 70882}, 'litecoin': {'rub': 8803.45, 'usd': 95.08}}
2024-03-28 21:30:23,913 - background_tasks.handlers - INFO - Курсы: {'bitcoin': {'rub': 6563188, 'usd': 70882}, 'litecoin': {'rub': 8803.45, 'usd': 95.08}}, тип: <class 'dict'>
2024-03-28 21:30:23,922 - background_tasks.handlers - INFO - Парсинг спит 10 мин
2024-03-28 21:31:23,926 - background_tasks.handlers - INFO - Получаю актульные курсы
2024-03-28 21:31:23,935 - background_tasks.handlers - INFO - Фиат:RUB
2024-03-28 21:31:23,935 - background_tasks.handlers - INFO - Крипта:LTC
2024-03-28 21:31:23,935 - background_tasks.handlers - INFO - Крипта:BTC
2024-03-28 21:31:23,935 - background_tasks.handlers - INFO - Фиат:USD
2024-03-28 21:31:23,936 - background_tasks.handlers - INFO - Фиат:['rub', 'usd']
2024-03-28 21:31:23,936 - background_tasks.handlers - INFO - Крипта:['litecoin', 'bitcoin']
2024-03-28 21:31:24,457 - httpx - INFO - HTTP Request: GET https://api.coingecko.com/api/v3/simple/price?ids=litecoin%2Cbitcoin&vs_currencies=rub%2Cusd "HTTP/1.1 200 OK"
2024-03-28 21:31:24,459 - price_parser.parser - INFO - Parser status: 200
2024-03-28 21:31:24,460 - price_parser.parser - INFO - response: {'bitcoin': {'rub': 6563188, 'usd': 70882}, 'litecoin': {'rub': 8803.45, 'usd': 95.08}}
2024-03-28 21:31:24,461 - background_tasks.handlers - INFO - ответ:{'bitcoin': {'rub': 6563188, 'usd': 70882}, 'litecoin': {'rub': 8803.45, 'usd': 95.08}}
2024-03-28 21:31:24,461 - background_tasks.handlers - INFO - Курсы: {'bitcoin': {'rub': 6563188, 'usd': 70882}, 'litecoin': {'rub': 8803.45, 'usd': 95.08}}, тип: <class 'dict'>
2024-03-28 21:31:24,462 - background_tasks.handlers - INFO - Парсинг спит 10 мин
2024-03-28 21:32:24,464 - background_tasks.handlers - INFO - Получаю актульные курсы
2024-03-28 21:32:24,469 - background_tasks.handlers - INFO - Фиат:RUB
2024-03-28 21:32:24,469 - background_tasks.handlers - INFO - Крипта:LTC
2024-03-28 21:32:24,469 - background_tasks.handlers - INFO - Крипта:BTC
2024-03-28 21:32:24,470 - background_tasks.handlers - INFO - Фиат:USD
2024-03-28 21:32:24,470 - background_tasks.handlers - INFO - Фиат:['rub', 'usd']
2024-03-28 21:32:24,470 - background_tasks.handlers - INFO - Крипта:['litecoin', 'bitcoin']
2024-03-28 21:32:25,172 - httpx - INFO - HTTP Request: GET https://api.coingecko.com/api/v3/simple/price?ids=litecoin%2Cbitcoin&vs_currencies=rub%2Cusd "HTTP/1.1 200 OK"
2024-03-28 21:32:25,174 - price_parser.parser - INFO - Parser status: 200
2024-03-28 21:32:25,174 - price_parser.parser - INFO - response: {'bitcoin': {'rub': 6563188, 'usd': 70882}, 'litecoin': {'rub': 8803.45, 'usd': 95.08}}
2024-03-28 21:32:25,175 - background_tasks.handlers - INFO - ответ:{'bitcoin': {'rub': 6563188, 'usd': 70882}, 'litecoin': {'rub': 8803.45, 'usd': 95.08}}
2024-03-28 21:32:25,176 - background_tasks.handlers - INFO - Курсы: {'bitcoin': {'rub': 6563188, 'usd': 70882}, 'litecoin': {'rub': 8803.45, 'usd': 95.08}}, тип: <class 'dict'>
2024-03-28 21:32:25,176 - background_tasks.handlers - INFO - Парсинг спит 10 мин
2024-03-28 21:32:26,286 - sevices - INFO - Статус пользователя: 1
2024-03-28 21:32:26,289 - sevices - INFO - 
                Типы до десериализации:
                    client_crypto_wallet:qwiueiqwuei тип:<class 'str'>,
                    client_cc_holder:evgeny buzuev тип:<class 'str'>,
                    client_credit_card_number:12312312312323 тип:<class 'str'>,
                    client_buy_tikker:BTC тип:<class 'str'>,
                    client_buy_value:0.0001 тип:<class 'str'>,
                    client_sell_tikker:RUB тип:<class 'str'>,
                    client_sell_value:1000 тип:<class 'str'>,
                    client_email:ebuzuev@gmail.com тип:<class 'str'>,
                    router_number:2 тип:<class 'str'>
            
2024-03-28 21:32:26,298 - sevices - INFO - 
                Типы после десериализации:
                    client_crypto_wallet:qwiueiqwuei тип:<class 'str'>,
                    client_cc_holder:evgeny buzuev тип:<class 'str'>,
                    client_credit_card_number:12312312312323 тип:<class 'str'>,
                    client_buy_tikker:BTC тип:<class 'str'>,
                    client_buy_value:0.0001 тип:<class 'decimal.Decimal'>,
                    client_sell_tikker:RUB тип:<class 'str'>,
                    client_sell_value:1000 тип:<class 'decimal.Decimal'>,
                    client_email:ebuzuev@gmail.com тип:<class 'str'>,
                    router_number:2 тип:<class 'int'>
            
2024-03-28 21:32:37,460 - sevices - INFO - Статус пользователя: 1
2024-03-28 21:32:37,462 - sevices - INFO - 
                Типы до десериализации:
                    client_crypto_wallet:qwiueiqwuei тип:<class 'str'>,
                    client_cc_holder:evgeny buzuev тип:<class 'str'>,
                    client_credit_card_number:12312312312323 тип:<class 'str'>,
                    client_buy_tikker:BTC тип:<class 'str'>,
                    client_buy_value:0.0001 тип:<class 'str'>,
                    client_sell_tikker:RUB тип:<class 'str'>,
                    client_sell_value:1000 тип:<class 'str'>,
                    client_email:ebuzuev@gmail.com тип:<class 'str'>,
                    router_number:2 тип:<class 'str'>
            
2024-03-28 21:32:37,468 - sevices - INFO - 
                Типы после десериализации:
                    client_crypto_wallet:qwiueiqwuei тип:<class 'str'>,
                    client_cc_holder:evgeny buzuev тип:<class 'str'>,
                    client_credit_card_number:12312312312323 тип:<class 'str'>,
                    client_buy_tikker:BTC тип:<class 'str'>,
                    client_buy_value:0.0001 тип:<class 'decimal.Decimal'>,
                    client_sell_tikker:RUB тип:<class 'str'>,
                    client_sell_value:1000 тип:<class 'decimal.Decimal'>,
                    client_email:ebuzuev@gmail.com тип:<class 'str'>,
                    router_number:2 тип:<class 'int'>
            
2024-03-28 21:32:37,477 - exchange.handlers - INFO - Id User: 1
2024-03-28 21:32:45,642 - sevices - INFO - Нашел заказ: 4
2024-03-28 21:32:55,660 - sevices - INFO - Нашел заказ: 4
2024-03-28 21:32:57,216 - sevices - INFO - Статус пользователя: 1
2024-03-28 21:33:05,669 - sevices - INFO - Нашел заказ: 4
2024-03-28 21:33:15,679 - sevices - INFO - Нашел заказ: 4
2024-03-28 21:33:25,178 - background_tasks.handlers - INFO - Получаю актульные курсы
2024-03-28 21:33:25,183 - background_tasks.handlers - INFO - Фиат:RUB
2024-03-28 21:33:25,183 - background_tasks.handlers - INFO - Крипта:LTC
2024-03-28 21:33:25,183 - background_tasks.handlers - INFO - Крипта:BTC
2024-03-28 21:33:25,183 - background_tasks.handlers - INFO - Фиат:USD
2024-03-28 21:33:25,183 - background_tasks.handlers - INFO - Фиат:['rub', 'usd']
2024-03-28 21:33:25,183 - background_tasks.handlers - INFO - Крипта:['litecoin', 'bitcoin']
2024-03-28 21:33:25,681 - httpx - INFO - HTTP Request: GET https://api.coingecko.com/api/v3/simple/price?ids=litecoin%2Cbitcoin&vs_currencies=rub%2Cusd "HTTP/1.1 200 OK"
2024-03-28 21:33:25,683 - price_parser.parser - INFO - Parser status: 200
2024-03-28 21:33:25,683 - price_parser.parser - INFO - response: {'bitcoin': {'rub': 6563188, 'usd': 70882}, 'litecoin': {'rub': 8803.45, 'usd': 95.08}}
2024-03-28 21:33:25,684 - background_tasks.handlers - INFO - ответ:{'bitcoin': {'rub': 6563188, 'usd': 70882}, 'litecoin': {'rub': 8803.45, 'usd': 95.08}}
2024-03-28 21:33:25,684 - background_tasks.handlers - INFO - Курсы: {'bitcoin': {'rub': 6563188, 'usd': 70882}, 'litecoin': {'rub': 8803.45, 'usd': 95.08}}, тип: <class 'dict'>
2024-03-28 21:33:25,686 - background_tasks.handlers - INFO - Парсинг спит 10 мин
2024-03-28 21:33:51,028 - sevices - INFO - Статус пользователя: 1
2024-03-28 21:33:51,030 - sevices - INFO - 
                Типы до десериализации:
                    client_crypto_wallet:qwiueiqwuei тип:<class 'str'>,
                    client_cc_holder:evgeny buzuev тип:<class 'str'>,
                    client_credit_card_number:12312312312323 тип:<class 'str'>,
                    client_buy_tikker:BTC тип:<class 'str'>,
                    client_buy_value:0.0001 тип:<class 'str'>,
                    client_sell_tikker:RUB тип:<class 'str'>,
                    client_sell_value:1000 тип:<class 'str'>,
                    client_email:ebuzuev@gmail.com тип:<class 'str'>,
                    router_number:2 тип:<class 'str'>
            
2024-03-28 21:33:51,036 - sevices - INFO - 
                Типы после десериализации:
                    client_crypto_wallet:qwiueiqwuei тип:<class 'str'>,
                    client_cc_holder:evgeny buzuev тип:<class 'str'>,
                    client_credit_card_number:12312312312323 тип:<class 'str'>,
                    client_buy_tikker:BTC тип:<class 'str'>,
                    client_buy_value:0.0001 тип:<class 'decimal.Decimal'>,
                    client_sell_tikker:RUB тип:<class 'str'>,
                    client_sell_value:1000 тип:<class 'decimal.Decimal'>,
                    client_email:ebuzuev@gmail.com тип:<class 'str'>,
                    router_number:2 тип:<class 'int'>
            
2024-03-28 21:34:04,185 - sevices - INFO - Статус пользователя: 1
2024-03-28 21:34:04,186 - sevices - INFO - 
                Типы до десериализации:
                    client_crypto_wallet:qwiueiqwuei тип:<class 'str'>,
                    client_cc_holder:evgeny buzuev тип:<class 'str'>,
                    client_credit_card_number:12312312312323 тип:<class 'str'>,
                    client_buy_tikker:BTC тип:<class 'str'>,
                    client_buy_value:0.0001 тип:<class 'str'>,
                    client_sell_tikker:RUB тип:<class 'str'>,
                    client_sell_value:1000 тип:<class 'str'>,
                    client_email:ebuzuev@gmail.com тип:<class 'str'>,
                    router_number:2 тип:<class 'str'>
            
2024-03-28 21:34:04,191 - sevices - INFO - 
                Типы после десериализации:
                    client_crypto_wallet:qwiueiqwuei тип:<class 'str'>,
                    client_cc_holder:evgeny buzuev тип:<class 'str'>,
                    client_credit_card_number:12312312312323 тип:<class 'str'>,
                    client_buy_tikker:BTC тип:<class 'str'>,
                    client_buy_value:0.0001 тип:<class 'decimal.Decimal'>,
                    client_sell_tikker:RUB тип:<class 'str'>,
                    client_sell_value:1000 тип:<class 'decimal.Decimal'>,
                    client_email:ebuzuev@gmail.com тип:<class 'str'>,
                    router_number:2 тип:<class 'int'>
            
2024-03-28 21:34:04,193 - exchange.handlers - INFO - Id User: 1
2024-03-28 21:34:11,740 - sevices - INFO - Нашел заказ: 5
2024-03-28 21:34:21,749 - sevices - INFO - Нашел заказ: 5
2024-03-28 21:34:25,688 - background_tasks.handlers - INFO - Получаю актульные курсы
2024-03-28 21:34:25,693 - background_tasks.handlers - INFO - Фиат:RUB
2024-03-28 21:34:25,693 - background_tasks.handlers - INFO - Крипта:LTC
2024-03-28 21:34:25,694 - background_tasks.handlers - INFO - Крипта:BTC
2024-03-28 21:34:25,694 - background_tasks.handlers - INFO - Фиат:USD
2024-03-28 21:34:25,694 - background_tasks.handlers - INFO - Фиат:['rub', 'usd']
2024-03-28 21:34:25,695 - background_tasks.handlers - INFO - Крипта:['litecoin', 'bitcoin']
2024-03-28 21:34:26,075 - httpx - INFO - HTTP Request: GET https://api.coingecko.com/api/v3/simple/price?ids=litecoin%2Cbitcoin&vs_currencies=rub%2Cusd "HTTP/1.1 200 OK"
2024-03-28 21:34:26,077 - price_parser.parser - INFO - Parser status: 200
2024-03-28 21:34:26,078 - price_parser.parser - INFO - response: {'bitcoin': {'rub': 6563188, 'usd': 70882}, 'litecoin': {'rub': 8803.45, 'usd': 95.08}}
2024-03-28 21:34:26,079 - background_tasks.handlers - INFO - ответ:{'bitcoin': {'rub': 6563188, 'usd': 70882}, 'litecoin': {'rub': 8803.45, 'usd': 95.08}}
2024-03-28 21:34:26,079 - background_tasks.handlers - INFO - Курсы: {'bitcoin': {'rub': 6563188, 'usd': 70882}, 'litecoin': {'rub': 8803.45, 'usd': 95.08}}, тип: <class 'dict'>
2024-03-28 21:34:26,080 - background_tasks.handlers - INFO - Парсинг спит 10 мин
2024-03-28 21:34:31,758 - sevices - INFO - Нашел заказ: 5
2024-03-28 21:34:41,768 - sevices - INFO - Нашел заказ: 5
2024-03-28 21:34:51,777 - sevices - INFO - Нашел заказ: 5
2024-03-28 21:35:01,786 - sevices - INFO - Нашел заказ: 5
2024-03-28 21:35:11,795 - sevices - INFO - Нашел заказ: 5
2024-03-28 21:35:21,804 - sevices - INFO - Нашел заказ: 5
2024-03-28 21:35:26,082 - background_tasks.handlers - INFO - Получаю актульные курсы
2024-03-28 21:35:26,087 - background_tasks.handlers - INFO - Фиат:RUB
2024-03-28 21:35:26,087 - background_tasks.handlers - INFO - Крипта:LTC
2024-03-28 21:35:26,087 - background_tasks.handlers - INFO - Крипта:BTC
2024-03-28 21:35:26,087 - background_tasks.handlers - INFO - Фиат:USD
2024-03-28 21:35:26,088 - background_tasks.handlers - INFO - Фиат:['rub', 'usd']
2024-03-28 21:35:26,088 - background_tasks.handlers - INFO - Крипта:['litecoin', 'bitcoin']
2024-03-28 21:35:26,777 - httpx - INFO - HTTP Request: GET https://api.coingecko.com/api/v3/simple/price?ids=litecoin%2Cbitcoin&vs_currencies=rub%2Cusd "HTTP/1.1 200 OK"
2024-03-28 21:35:26,779 - price_parser.parser - INFO - Parser status: 200
2024-03-28 21:35:26,779 - price_parser.parser - INFO - response: {'bitcoin': {'rub': 6559764, 'usd': 70845}, 'litecoin': {'rub': 8792.18, 'usd': 94.96}}
2024-03-28 21:35:26,780 - background_tasks.handlers - INFO - ответ:{'bitcoin': {'rub': 6559764, 'usd': 70845}, 'litecoin': {'rub': 8792.18, 'usd': 94.96}}
2024-03-28 21:35:26,780 - background_tasks.handlers - INFO - Курсы: {'bitcoin': {'rub': 6559764, 'usd': 70845}, 'litecoin': {'rub': 8792.18, 'usd': 94.96}}, тип: <class 'dict'>
2024-03-28 21:35:26,781 - background_tasks.handlers - INFO - Парсинг спит 10 мин
2024-03-28 21:35:31,813 - sevices - INFO - Нашел заказ: 5
2024-03-28 21:35:41,822 - sevices - INFO - Нашел заказ: 5
2024-03-28 21:35:51,832 - sevices - INFO - Нашел заказ: 5
2024-03-28 21:36:01,841 - sevices - INFO - Нашел заказ: 5
2024-03-28 21:36:11,851 - sevices - INFO - Нашел заказ: 5
2024-03-28 21:36:21,859 - sevices - INFO - Нашел заказ: 5
2024-03-28 21:36:26,782 - background_tasks.handlers - INFO - Получаю актульные курсы
2024-03-28 21:36:26,788 - background_tasks.handlers - INFO - Фиат:RUB
2024-03-28 21:36:26,789 - background_tasks.handlers - INFO - Крипта:LTC
2024-03-28 21:36:26,789 - background_tasks.handlers - INFO - Крипта:BTC
2024-03-28 21:36:26,789 - background_tasks.handlers - INFO - Фиат:USD
2024-03-28 21:36:26,789 - background_tasks.handlers - INFO - Фиат:['rub', 'usd']
2024-03-28 21:36:26,789 - background_tasks.handlers - INFO - Крипта:['litecoin', 'bitcoin']
2024-03-28 21:36:27,312 - httpx - INFO - HTTP Request: GET https://api.coingecko.com/api/v3/simple/price?ids=litecoin%2Cbitcoin&vs_currencies=rub%2Cusd "HTTP/1.1 200 OK"
2024-03-28 21:36:27,315 - price_parser.parser - INFO - Parser status: 200
2024-03-28 21:36:27,315 - price_parser.parser - INFO - response: {'bitcoin': {'rub': 6559764, 'usd': 70845}, 'litecoin': {'rub': 8792.18, 'usd': 94.96}}
2024-03-28 21:36:27,316 - background_tasks.handlers - INFO - ответ:{'bitcoin': {'rub': 6559764, 'usd': 70845}, 'litecoin': {'rub': 8792.18, 'usd': 94.96}}
2024-03-28 21:36:27,316 - background_tasks.handlers - INFO - Курсы: {'bitcoin': {'rub': 6559764, 'usd': 70845}, 'litecoin': {'rub': 8792.18, 'usd': 94.96}}, тип: <class 'dict'>
2024-03-28 21:36:27,317 - background_tasks.handlers - INFO - Парсинг спит 10 мин
2024-03-28 21:36:31,868 - sevices - INFO - Нашел заказ: 5
2024-03-28 21:36:41,877 - sevices - INFO - Нашел заказ: 5
2024-03-28 21:36:51,885 - sevices - INFO - Нашел заказ: 5
2024-03-28 21:37:01,895 - sevices - INFO - Нашел заказ: 5
2024-03-28 21:37:11,904 - sevices - INFO - Нашел заказ: 5
2024-03-28 21:37:21,913 - sevices - INFO - Нашел заказ: 5
2024-03-28 21:37:27,319 - background_tasks.handlers - INFO - Получаю актульные курсы
2024-03-28 21:37:27,325 - background_tasks.handlers - INFO - Фиат:RUB
2024-03-28 21:37:27,325 - background_tasks.handlers - INFO - Крипта:LTC
2024-03-28 21:37:27,325 - background_tasks.handlers - INFO - Крипта:BTC
2024-03-28 21:37:27,325 - background_tasks.handlers - INFO - Фиат:USD
2024-03-28 21:37:27,325 - background_tasks.handlers - INFO - Фиат:['rub', 'usd']
2024-03-28 21:37:27,326 - background_tasks.handlers - INFO - Крипта:['litecoin', 'bitcoin']
2024-03-28 21:37:27,625 - httpx - INFO - HTTP Request: GET https://api.coingecko.com/api/v3/simple/price?ids=litecoin%2Cbitcoin&vs_currencies=rub%2Cusd "HTTP/1.1 200 OK"
2024-03-28 21:37:27,627 - price_parser.parser - INFO - Parser status: 200
2024-03-28 21:37:27,627 - price_parser.parser - INFO - response: {'bitcoin': {'rub': 6563188, 'usd': 70882}, 'litecoin': {'rub': 8803.45, 'usd': 95.08}}
2024-03-28 21:37:27,628 - background_tasks.handlers - INFO - ответ:{'bitcoin': {'rub': 6563188, 'usd': 70882}, 'litecoin': {'rub': 8803.45, 'usd': 95.08}}
2024-03-28 21:37:27,628 - background_tasks.handlers - INFO - Курсы: {'bitcoin': {'rub': 6563188, 'usd': 70882}, 'litecoin': {'rub': 8803.45, 'usd': 95.08}}, тип: <class 'dict'>
2024-03-28 21:37:27,629 - background_tasks.handlers - INFO - Парсинг спит 10 мин
2024-03-28 21:37:31,922 - sevices - INFO - Нашел заказ: 5
2024-03-28 21:37:41,932 - sevices - INFO - Нашел заказ: 5
2024-03-28 21:37:51,942 - sevices - INFO - Нашел заказ: 5
2024-03-28 21:38:01,950 - sevices - INFO - Нашел заказ: 5
2024-03-28 21:38:11,960 - sevices - INFO - Нашел заказ: 5
2024-03-28 21:38:21,969 - sevices - INFO - Нашел заказ: 5
2024-03-28 21:38:27,632 - background_tasks.handlers - INFO - Получаю актульные курсы
2024-03-28 21:38:27,637 - background_tasks.handlers - INFO - Фиат:RUB
2024-03-28 21:38:27,637 - background_tasks.handlers - INFO - Крипта:LTC
2024-03-28 21:38:27,638 - background_tasks.handlers - INFO - Крипта:BTC
2024-03-28 21:38:27,638 - background_tasks.handlers - INFO - Фиат:USD
2024-03-28 21:38:27,638 - background_tasks.handlers - INFO - Фиат:['rub', 'usd']
2024-03-28 21:38:27,638 - background_tasks.handlers - INFO - Крипта:['litecoin', 'bitcoin']
2024-03-28 21:38:28,039 - httpx - INFO - HTTP Request: GET https://api.coingecko.com/api/v3/simple/price?ids=litecoin%2Cbitcoin&vs_currencies=rub%2Cusd "HTTP/1.1 200 OK"
2024-03-28 21:38:28,042 - price_parser.parser - INFO - Parser status: 200
2024-03-28 21:38:28,042 - price_parser.parser - INFO - response: {'bitcoin': {'rub': 6559764, 'usd': 70845}, 'litecoin': {'rub': 8792.18, 'usd': 94.96}}
2024-03-28 21:38:28,043 - background_tasks.handlers - INFO - ответ:{'bitcoin': {'rub': 6559764, 'usd': 70845}, 'litecoin': {'rub': 8792.18, 'usd': 94.96}}
2024-03-28 21:38:28,043 - background_tasks.handlers - INFO - Курсы: {'bitcoin': {'rub': 6559764, 'usd': 70845}, 'litecoin': {'rub': 8792.18, 'usd': 94.96}}, тип: <class 'dict'>
2024-03-28 21:38:28,044 - background_tasks.handlers - INFO - Парсинг спит 10 мин
2024-03-28 21:38:31,978 - sevices - INFO - Нашел заказ: 5
2024-03-28 21:38:41,988 - sevices - INFO - Нашел заказ: 5
2024-03-28 21:38:51,997 - sevices - INFO - Нашел заказ: 5
2024-03-28 21:39:02,006 - sevices - INFO - Нашел заказ: 5
2024-03-28 21:39:12,013 - sevices - INFO - Нашел заказ: 5
2024-03-28 21:39:22,022 - sevices - INFO - Нашел заказ: 5
2024-03-28 21:39:28,045 - background_tasks.handlers - INFO - Получаю актульные курсы
2024-03-28 21:39:28,051 - background_tasks.handlers - INFO - Фиат:RUB
2024-03-28 21:39:28,051 - background_tasks.handlers - INFO - Крипта:LTC
2024-03-28 21:39:28,051 - background_tasks.handlers - INFO - Крипта:BTC
2024-03-28 21:39:28,051 - background_tasks.handlers - INFO - Фиат:USD
2024-03-28 21:39:28,051 - background_tasks.handlers - INFO - Фиат:['rub', 'usd']
2024-03-28 21:39:28,052 - background_tasks.handlers - INFO - Крипта:['litecoin', 'bitcoin']
2024-03-28 21:39:28,453 - httpx - INFO - HTTP Request: GET https://api.coingecko.com/api/v3/simple/price?ids=litecoin%2Cbitcoin&vs_currencies=rub%2Cusd "HTTP/1.1 200 OK"
2024-03-28 21:39:28,456 - price_parser.parser - INFO - Parser status: 200
2024-03-28 21:39:28,456 - price_parser.parser - INFO - response: {'bitcoin': {'rub': 6559764, 'usd': 70845}, 'litecoin': {'rub': 8792.18, 'usd': 94.96}}
2024-03-28 21:39:28,457 - background_tasks.handlers - INFO - ответ:{'bitcoin': {'rub': 6559764, 'usd': 70845}, 'litecoin': {'rub': 8792.18, 'usd': 94.96}}
2024-03-28 21:39:28,457 - background_tasks.handlers - INFO - Курсы: {'bitcoin': {'rub': 6559764, 'usd': 70845}, 'litecoin': {'rub': 8792.18, 'usd': 94.96}}, тип: <class 'dict'>
2024-03-28 21:39:28,458 - background_tasks.handlers - INFO - Парсинг спит 10 мин
2024-03-28 21:39:32,031 - sevices - INFO - Нашел заказ: 5
2024-03-28 21:39:42,040 - sevices - INFO - Нашел заказ: 5
2024-03-28 21:39:52,049 - sevices - INFO - Нашел заказ: 5
2024-03-28 21:40:02,057 - sevices - INFO - Нашел заказ: 5
2024-03-28 21:40:12,066 - sevices - INFO - Нашел заказ: 5
2024-03-28 21:40:22,079 - sevices - INFO - Нашел заказ: 5
2024-03-28 21:40:28,460 - background_tasks.handlers - INFO - Получаю актульные курсы
2024-03-28 21:40:28,465 - background_tasks.handlers - INFO - Фиат:RUB
2024-03-28 21:40:28,465 - background_tasks.handlers - INFO - Крипта:LTC
2024-03-28 21:40:28,465 - background_tasks.handlers - INFO - Крипта:BTC
2024-03-28 21:40:28,465 - background_tasks.handlers - INFO - Фиат:USD
2024-03-28 21:40:28,466 - background_tasks.handlers - INFO - Фиат:['rub', 'usd']
2024-03-28 21:40:28,466 - background_tasks.handlers - INFO - Крипта:['litecoin', 'bitcoin']
2024-03-28 21:40:28,673 - httpx - INFO - HTTP Request: GET https://api.coingecko.com/api/v3/simple/price?ids=litecoin%2Cbitcoin&vs_currencies=rub%2Cusd "HTTP/1.1 200 OK"
2024-03-28 21:40:28,675 - price_parser.parser - INFO - Parser status: 200
2024-03-28 21:40:28,675 - price_parser.parser - INFO - response: {'bitcoin': {'rub': 6559764, 'usd': 70845}, 'litecoin': {'rub': 8792.18, 'usd': 94.96}}
2024-03-28 21:40:28,676 - background_tasks.handlers - INFO - ответ:{'bitcoin': {'rub': 6559764, 'usd': 70845}, 'litecoin': {'rub': 8792.18, 'usd': 94.96}}
2024-03-28 21:40:28,676 - background_tasks.handlers - INFO - Курсы: {'bitcoin': {'rub': 6559764, 'usd': 70845}, 'litecoin': {'rub': 8792.18, 'usd': 94.96}}, тип: <class 'dict'>
2024-03-28 21:40:28,677 - background_tasks.handlers - INFO - Парсинг спит 10 мин
2024-03-28 21:40:32,087 - sevices - INFO - Нашел заказ: 5
2024-03-28 21:40:42,096 - sevices - INFO - Нашел заказ: 5
2024-03-28 21:40:52,105 - sevices - INFO - Нашел заказ: 5
2024-03-28 21:41:02,115 - sevices - INFO - Нашел заказ: 5
2024-03-28 21:41:12,125 - sevices - INFO - Нашел заказ: 5
2024-03-28 21:41:22,133 - sevices - INFO - Нашел заказ: 5
2024-03-28 21:41:28,678 - background_tasks.handlers - INFO - Получаю актульные курсы
2024-03-28 21:41:28,684 - background_tasks.handlers - INFO - Фиат:RUB
2024-03-28 21:41:28,685 - background_tasks.handlers - INFO - Крипта:LTC
2024-03-28 21:41:28,685 - background_tasks.handlers - INFO - Крипта:BTC
2024-03-28 21:41:28,685 - background_tasks.handlers - INFO - Фиат:USD
2024-03-28 21:41:28,685 - background_tasks.handlers - INFO - Фиат:['rub', 'usd']
2024-03-28 21:41:28,685 - background_tasks.handlers - INFO - Крипта:['litecoin', 'bitcoin']
2024-03-28 21:41:29,194 - httpx - INFO - HTTP Request: GET https://api.coingecko.com/api/v3/simple/price?ids=litecoin%2Cbitcoin&vs_currencies=rub%2Cusd "HTTP/1.1 200 OK"
2024-03-28 21:41:29,196 - price_parser.parser - INFO - Parser status: 200
2024-03-28 21:41:29,197 - price_parser.parser - INFO - response: {'bitcoin': {'rub': 6553682, 'usd': 70780}, 'litecoin': {'rub': 8773.67, 'usd': 94.76}}
2024-03-28 21:41:29,198 - background_tasks.handlers - INFO - ответ:{'bitcoin': {'rub': 6553682, 'usd': 70780}, 'litecoin': {'rub': 8773.67, 'usd': 94.76}}
2024-03-28 21:41:29,198 - background_tasks.handlers - INFO - Курсы: {'bitcoin': {'rub': 6553682, 'usd': 70780}, 'litecoin': {'rub': 8773.67, 'usd': 94.76}}, тип: <class 'dict'>
2024-03-28 21:41:29,199 - background_tasks.handlers - INFO - Парсинг спит 10 мин
2024-03-28 21:41:32,142 - sevices - INFO - Нашел заказ: 5
2024-03-28 21:41:42,151 - sevices - INFO - Нашел заказ: 5
2024-03-28 21:41:52,161 - sevices - INFO - Нашел заказ: 5
2024-03-28 21:42:02,169 - sevices - INFO - Нашел заказ: 5
2024-03-28 21:42:12,179 - sevices - INFO - Нашел заказ: 5
2024-03-28 21:42:22,190 - sevices - INFO - Нашел заказ: 5
2024-03-28 21:42:29,201 - background_tasks.handlers - INFO - Получаю актульные курсы
2024-03-28 21:42:29,206 - background_tasks.handlers - INFO - Фиат:RUB
2024-03-28 21:42:29,206 - background_tasks.handlers - INFO - Крипта:LTC
2024-03-28 21:42:29,207 - background_tasks.handlers - INFO - Крипта:BTC
2024-03-28 21:42:29,207 - background_tasks.handlers - INFO - Фиат:USD
2024-03-28 21:42:29,207 - background_tasks.handlers - INFO - Фиат:['rub', 'usd']
2024-03-28 21:42:29,207 - background_tasks.handlers - INFO - Крипта:['litecoin', 'bitcoin']
2024-03-28 21:42:29,408 - httpx - INFO - HTTP Request: GET https://api.coingecko.com/api/v3/simple/price?ids=litecoin%2Cbitcoin&vs_currencies=rub%2Cusd "HTTP/1.1 200 OK"
2024-03-28 21:42:29,411 - price_parser.parser - INFO - Parser status: 200
2024-03-28 21:42:29,411 - price_parser.parser - INFO - response: {'bitcoin': {'rub': 6553682, 'usd': 70780}, 'litecoin': {'rub': 8773.67, 'usd': 94.76}}
2024-03-28 21:42:29,412 - background_tasks.handlers - INFO - ответ:{'bitcoin': {'rub': 6553682, 'usd': 70780}, 'litecoin': {'rub': 8773.67, 'usd': 94.76}}
2024-03-28 21:42:29,412 - background_tasks.handlers - INFO - Курсы: {'bitcoin': {'rub': 6553682, 'usd': 70780}, 'litecoin': {'rub': 8773.67, 'usd': 94.76}}, тип: <class 'dict'>
2024-03-28 21:42:29,413 - background_tasks.handlers - INFO - Парсинг спит 10 мин
2024-03-28 21:42:32,199 - sevices - INFO - Нашел заказ: 5
2024-03-28 21:42:42,208 - sevices - INFO - Нашел заказ: 5
2024-03-28 21:42:52,217 - sevices - INFO - Нашел заказ: 5
2024-03-28 21:43:02,227 - sevices - INFO - Нашел заказ: 5
2024-03-28 21:43:12,236 - sevices - INFO - Нашел заказ: 5
2024-03-28 21:43:22,245 - sevices - INFO - Нашел заказ: 5
2024-03-28 21:43:29,414 - background_tasks.handlers - INFO - Получаю актульные курсы
2024-03-28 21:43:29,420 - background_tasks.handlers - INFO - Фиат:RUB
2024-03-28 21:43:29,420 - background_tasks.handlers - INFO - Крипта:LTC
2024-03-28 21:43:29,420 - background_tasks.handlers - INFO - Крипта:BTC
2024-03-28 21:43:29,420 - background_tasks.handlers - INFO - Фиат:USD
2024-03-28 21:43:29,420 - background_tasks.handlers - INFO - Фиат:['rub', 'usd']
2024-03-28 21:43:29,421 - background_tasks.handlers - INFO - Крипта:['litecoin', 'bitcoin']
2024-03-28 21:43:30,111 - httpx - INFO - HTTP Request: GET https://api.coingecko.com/api/v3/simple/price?ids=litecoin%2Cbitcoin&vs_currencies=rub%2Cusd "HTTP/1.1 200 OK"
2024-03-28 21:43:30,113 - price_parser.parser - INFO - Parser status: 200
2024-03-28 21:43:30,114 - price_parser.parser - INFO - response: {'bitcoin': {'rub': 6553682, 'usd': 70780}, 'litecoin': {'rub': 8773.67, 'usd': 94.76}}
2024-03-28 21:43:30,115 - background_tasks.handlers - INFO - ответ:{'bitcoin': {'rub': 6553682, 'usd': 70780}, 'litecoin': {'rub': 8773.67, 'usd': 94.76}}
2024-03-28 21:43:30,115 - background_tasks.handlers - INFO - Курсы: {'bitcoin': {'rub': 6553682, 'usd': 70780}, 'litecoin': {'rub': 8773.67, 'usd': 94.76}}, тип: <class 'dict'>
2024-03-28 21:43:30,116 - background_tasks.handlers - INFO - Парсинг спит 10 мин
2024-03-28 21:43:32,253 - sevices - INFO - Нашел заказ: 5
2024-03-28 21:43:42,263 - sevices - INFO - Нашел заказ: 5
2024-03-28 21:43:52,271 - sevices - INFO - Нашел заказ: 5
2024-03-28 21:44:02,279 - sevices - INFO - Нашел заказ: 5
2024-03-28 21:44:30,117 - background_tasks.handlers - INFO - Получаю актульные курсы
2024-03-28 21:44:30,123 - background_tasks.handlers - INFO - Фиат:RUB
2024-03-28 21:44:30,123 - background_tasks.handlers - INFO - Крипта:LTC
2024-03-28 21:44:30,123 - background_tasks.handlers - INFO - Крипта:BTC
2024-03-28 21:44:30,123 - background_tasks.handlers - INFO - Фиат:USD
2024-03-28 21:44:30,124 - background_tasks.handlers - INFO - Фиат:['rub', 'usd']
2024-03-28 21:44:30,124 - background_tasks.handlers - INFO - Крипта:['litecoin', 'bitcoin']
2024-03-28 21:44:30,731 - httpx - INFO - HTTP Request: GET https://api.coingecko.com/api/v3/simple/price?ids=litecoin%2Cbitcoin&vs_currencies=rub%2Cusd "HTTP/1.1 200 OK"
2024-03-28 21:44:30,733 - price_parser.parser - INFO - Parser status: 200
2024-03-28 21:44:30,734 - price_parser.parser - INFO - response: {'bitcoin': {'rub': 6553682, 'usd': 70780}, 'litecoin': {'rub': 8773.67, 'usd': 94.76}}
2024-03-28 21:44:30,734 - background_tasks.handlers - INFO - ответ:{'bitcoin': {'rub': 6553682, 'usd': 70780}, 'litecoin': {'rub': 8773.67, 'usd': 94.76}}
2024-03-28 21:44:30,735 - background_tasks.handlers - INFO - Курсы: {'bitcoin': {'rub': 6553682, 'usd': 70780}, 'litecoin': {'rub': 8773.67, 'usd': 94.76}}, тип: <class 'dict'>
2024-03-28 21:44:30,736 - background_tasks.handlers - INFO - Парсинг спит 10 мин
2024-03-28 21:46:52,819 - __main__ - INFO - --- Start up App ---
2024-03-28 21:46:52,820 - background_tasks.handlers - INFO - Получаю актульные курсы
2024-03-28 21:46:52,977 - background_tasks.handlers - INFO - Фиат:RUB
2024-03-28 21:46:52,977 - background_tasks.handlers - INFO - Крипта:LTC
2024-03-28 21:46:52,977 - background_tasks.handlers - INFO - Крипта:BTC
2024-03-28 21:46:52,978 - background_tasks.handlers - INFO - Фиат:USD
2024-03-28 21:46:52,978 - background_tasks.handlers - INFO - Фиат:['rub', 'usd']
2024-03-28 21:46:52,978 - background_tasks.handlers - INFO - Крипта:['litecoin', 'bitcoin']
2024-03-28 21:46:53,577 - httpx - INFO - HTTP Request: GET https://api.coingecko.com/api/v3/simple/price?ids=litecoin%2Cbitcoin&vs_currencies=rub%2Cusd "HTTP/1.1 200 OK"
2024-03-28 21:46:53,581 - price_parser.parser - INFO - Parser status: 200
2024-03-28 21:46:53,581 - price_parser.parser - INFO - response: {'bitcoin': {'rub': 6550586, 'usd': 70746}, 'litecoin': {'rub': 8767.67, 'usd': 94.69}}
2024-03-28 21:46:53,583 - background_tasks.handlers - INFO - ответ:{'bitcoin': {'rub': 6550586, 'usd': 70746}, 'litecoin': {'rub': 8767.67, 'usd': 94.69}}
2024-03-28 21:46:53,583 - background_tasks.handlers - INFO - Курсы: {'bitcoin': {'rub': 6550586, 'usd': 70746}, 'litecoin': {'rub': 8767.67, 'usd': 94.69}}, тип: <class 'dict'>
2024-03-28 21:46:53,593 - background_tasks.handlers - INFO - Парсинг спит 10 мин
2024-03-28 21:47:15,190 - sevices - INFO - Статус пользователя: 1
2024-03-28 21:47:15,192 - sevices - INFO - 
                Типы до десериализации:
                    client_crypto_wallet:qwiueiqwuei тип:<class 'str'>,
                    client_cc_holder:evgeny buzuev тип:<class 'str'>,
                    client_credit_card_number:12312312312323 тип:<class 'str'>,
                    client_buy_tikker:BTC тип:<class 'str'>,
                    client_buy_value:0.0001 тип:<class 'str'>,
                    client_sell_tikker:RUB тип:<class 'str'>,
                    client_sell_value:1000 тип:<class 'str'>,
                    client_email:ebuzuev@gmail.com тип:<class 'str'>,
                    router_number:2 тип:<class 'str'>
            
2024-03-28 21:47:15,342 - sevices - INFO - 
                Типы после десериализации:
                    client_crypto_wallet:qwiueiqwuei тип:<class 'str'>,
                    client_cc_holder:evgeny buzuev тип:<class 'str'>,
                    client_credit_card_number:12312312312323 тип:<class 'str'>,
                    client_buy_tikker:BTC тип:<class 'str'>,
                    client_buy_value:0.0001 тип:<class 'decimal.Decimal'>,
                    client_sell_tikker:RUB тип:<class 'str'>,
                    client_sell_value:1000 тип:<class 'decimal.Decimal'>,
                    client_email:ebuzuev@gmail.com тип:<class 'str'>,
                    router_number:2 тип:<class 'int'>
            
2024-03-28 21:47:33,657 - sevices - INFO - Статус пользователя: 1
2024-03-28 21:47:43,010 - sevices - INFO - 
                Типы до десериализации:
                    client_crypto_wallet:qwiueiqwuei тип:<class 'str'>,
                    client_cc_holder:evgeny buzuev тип:<class 'str'>,
                    client_credit_card_number:12312312312323 тип:<class 'str'>,
                    client_buy_tikker:BTC тип:<class 'str'>,
                    client_buy_value:0.0001 тип:<class 'str'>,
                    client_sell_tikker:RUB тип:<class 'str'>,
                    client_sell_value:1000 тип:<class 'str'>,
                    client_email:ebuzuev@gmail.com тип:<class 'str'>,
                    router_number:2 тип:<class 'str'>
            
2024-03-28 21:47:43,026 - sevices - INFO - 
                Типы после десериализации:
                    client_crypto_wallet:qwiueiqwuei тип:<class 'str'>,
                    client_cc_holder:evgeny buzuev тип:<class 'str'>,
                    client_credit_card_number:12312312312323 тип:<class 'str'>,
                    client_buy_tikker:BTC тип:<class 'str'>,
                    client_buy_value:0.0001 тип:<class 'decimal.Decimal'>,
                    client_sell_tikker:RUB тип:<class 'str'>,
                    client_sell_value:1000 тип:<class 'decimal.Decimal'>,
                    client_email:ebuzuev@gmail.com тип:<class 'str'>,
                    router_number:2 тип:<class 'int'>
            
2024-03-28 21:48:10,218 - background_tasks.handlers - INFO - Получаю актульные курсы
2024-03-28 21:48:10,225 - background_tasks.handlers - INFO - Фиат:RUB
2024-03-28 21:48:10,225 - background_tasks.handlers - INFO - Крипта:LTC
2024-03-28 21:48:10,226 - background_tasks.handlers - INFO - Крипта:BTC
2024-03-28 21:48:10,226 - background_tasks.handlers - INFO - Фиат:USD
2024-03-28 21:48:10,227 - background_tasks.handlers - INFO - Фиат:['rub', 'usd']
2024-03-28 21:48:10,227 - background_tasks.handlers - INFO - Крипта:['litecoin', 'bitcoin']
2024-03-28 21:48:19,067 - exchange.handlers - INFO - Id User: 1
2024-03-28 21:50:51,841 - sevices - INFO - Нашел заказ: 6
2024-03-28 21:51:23,126 - sevices - INFO - Нашел заказ: 6
2024-03-28 21:51:33,134 - sevices - INFO - Нашел заказ: 6
2024-03-28 21:51:43,143 - sevices - INFO - Нашел заказ: 6
2024-03-28 21:51:53,172 - __main__ - INFO - --- Start up App ---
2024-03-28 21:51:53,172 - background_tasks.handlers - INFO - Получаю актульные курсы
2024-03-28 21:51:53,328 - background_tasks.handlers - INFO - Фиат:RUB
2024-03-28 21:51:53,329 - background_tasks.handlers - INFO - Крипта:LTC
2024-03-28 21:51:53,329 - background_tasks.handlers - INFO - Крипта:BTC
2024-03-28 21:51:53,329 - background_tasks.handlers - INFO - Фиат:USD
2024-03-28 21:51:53,329 - background_tasks.handlers - INFO - Фиат:['rub', 'usd']
2024-03-28 21:51:53,329 - background_tasks.handlers - INFO - Крипта:['litecoin', 'bitcoin']
2024-03-28 21:51:53,714 - httpx - INFO - HTTP Request: GET https://api.coingecko.com/api/v3/simple/price?ids=litecoin%2Cbitcoin&vs_currencies=rub%2Cusd "HTTP/1.1 200 OK"
2024-03-28 21:51:53,717 - price_parser.parser - INFO - Parser status: 200
2024-03-28 21:51:53,718 - price_parser.parser - INFO - response: {'bitcoin': {'rub': 6550586, 'usd': 70746}, 'litecoin': {'rub': 8767.67, 'usd': 94.69}}
2024-03-28 21:51:53,719 - background_tasks.handlers - INFO - ответ:{'bitcoin': {'rub': 6550586, 'usd': 70746}, 'litecoin': {'rub': 8767.67, 'usd': 94.69}}
2024-03-28 21:51:53,720 - background_tasks.handlers - INFO - Курсы: {'bitcoin': {'rub': 6550586, 'usd': 70746}, 'litecoin': {'rub': 8767.67, 'usd': 94.69}}, тип: <class 'dict'>
2024-03-28 21:51:53,730 - background_tasks.handlers - INFO - Парсинг спит 10 мин
2024-03-28 21:52:53,731 - background_tasks.handlers - INFO - Получаю актульные курсы
2024-03-28 21:52:53,737 - background_tasks.handlers - INFO - Фиат:RUB
2024-03-28 21:52:53,737 - background_tasks.handlers - INFO - Крипта:LTC
2024-03-28 21:52:53,737 - background_tasks.handlers - INFO - Крипта:BTC
2024-03-28 21:52:53,737 - background_tasks.handlers - INFO - Фиат:USD
2024-03-28 21:52:53,737 - background_tasks.handlers - INFO - Фиат:['rub', 'usd']
2024-03-28 21:52:53,738 - background_tasks.handlers - INFO - Крипта:['litecoin', 'bitcoin']
2024-03-28 21:52:54,232 - httpx - INFO - HTTP Request: GET https://api.coingecko.com/api/v3/simple/price?ids=litecoin%2Cbitcoin&vs_currencies=rub%2Cusd "HTTP/1.1 200 OK"
2024-03-28 21:52:54,234 - price_parser.parser - INFO - Parser status: 200
2024-03-28 21:52:54,235 - price_parser.parser - INFO - response: {'bitcoin': {'rub': 6522762, 'usd': 70446}, 'litecoin': {'rub': 8744.02, 'usd': 94.44}}
2024-03-28 21:52:54,235 - background_tasks.handlers - INFO - ответ:{'bitcoin': {'rub': 6522762, 'usd': 70446}, 'litecoin': {'rub': 8744.02, 'usd': 94.44}}
2024-03-28 21:52:54,236 - background_tasks.handlers - INFO - Курсы: {'bitcoin': {'rub': 6522762, 'usd': 70446}, 'litecoin': {'rub': 8744.02, 'usd': 94.44}}, тип: <class 'dict'>
2024-03-28 21:52:54,237 - background_tasks.handlers - INFO - Парсинг спит 10 мин
2024-03-28 21:53:54,239 - background_tasks.handlers - INFO - Получаю актульные курсы
2024-03-28 21:53:54,244 - background_tasks.handlers - INFO - Фиат:RUB
2024-03-28 21:53:54,244 - background_tasks.handlers - INFO - Крипта:LTC
2024-03-28 21:53:54,244 - background_tasks.handlers - INFO - Крипта:BTC
2024-03-28 21:53:54,244 - background_tasks.handlers - INFO - Фиат:USD
2024-03-28 21:53:54,244 - background_tasks.handlers - INFO - Фиат:['rub', 'usd']
2024-03-28 21:53:54,244 - background_tasks.handlers - INFO - Крипта:['litecoin', 'bitcoin']
2024-03-28 21:53:54,548 - httpx - INFO - HTTP Request: GET https://api.coingecko.com/api/v3/simple/price?ids=litecoin%2Cbitcoin&vs_currencies=rub%2Cusd "HTTP/1.1 200 OK"
2024-03-28 21:53:54,550 - price_parser.parser - INFO - Parser status: 200
2024-03-28 21:53:54,550 - price_parser.parser - INFO - response: {'bitcoin': {'rub': 6522762, 'usd': 70446}, 'litecoin': {'rub': 8744.02, 'usd': 94.44}}
2024-03-28 21:53:54,551 - background_tasks.handlers - INFO - ответ:{'bitcoin': {'rub': 6522762, 'usd': 70446}, 'litecoin': {'rub': 8744.02, 'usd': 94.44}}
2024-03-28 21:53:54,551 - background_tasks.handlers - INFO - Курсы: {'bitcoin': {'rub': 6522762, 'usd': 70446}, 'litecoin': {'rub': 8744.02, 'usd': 94.44}}, тип: <class 'dict'>
2024-03-28 21:53:54,552 - background_tasks.handlers - INFO - Парсинг спит 10 мин
2024-03-28 21:54:32,448 - exchange.routers - INFO - UUID пользователя 1
2024-03-28 21:54:34,967 - sevices - INFO - Статус пользователя: 1
2024-03-28 21:54:49,379 - sevices - INFO - 
                Типы до десериализации:
                    client_crypto_wallet:qwiueiqwuei тип:<class 'str'>,
                    client_cc_holder:evgeny buzuev тип:<class 'str'>,
                    client_credit_card_number:12312312312323 тип:<class 'str'>,
                    client_buy_tikker:BTC тип:<class 'str'>,
                    client_buy_value:0.0001 тип:<class 'str'>,
                    client_sell_tikker:RUB тип:<class 'str'>,
                    client_sell_value:1000 тип:<class 'str'>,
                    client_email:ebuzuev@gmail.com тип:<class 'str'>,
                    router_number:3 тип:<class 'str'>
            
2024-03-28 21:54:49,517 - sevices - INFO - 
                Типы после десериализации:
                    client_crypto_wallet:qwiueiqwuei тип:<class 'str'>,
                    client_cc_holder:evgeny buzuev тип:<class 'str'>,
                    client_credit_card_number:12312312312323 тип:<class 'str'>,
                    client_buy_tikker:BTC тип:<class 'str'>,
                    client_buy_value:0.0001 тип:<class 'decimal.Decimal'>,
                    client_sell_tikker:RUB тип:<class 'str'>,
                    client_sell_value:1000 тип:<class 'decimal.Decimal'>,
                    client_email:ebuzuev@gmail.com тип:<class 'str'>,
                    router_number:3 тип:<class 'int'>
            
2024-03-28 21:54:55,422 - background_tasks.handlers - INFO - Получаю актульные курсы
2024-03-28 21:54:55,449 - background_tasks.handlers - INFO - Фиат:RUB
2024-03-28 21:54:55,450 - background_tasks.handlers - INFO - Крипта:LTC
2024-03-28 21:54:55,450 - background_tasks.handlers - INFO - Крипта:BTC
2024-03-28 21:54:55,451 - background_tasks.handlers - INFO - Фиат:USD
2024-03-28 21:54:55,451 - background_tasks.handlers - INFO - Фиат:['rub', 'usd']
2024-03-28 21:54:55,452 - background_tasks.handlers - INFO - Крипта:['litecoin', 'bitcoin']
2024-03-28 21:54:59,116 - sevices - INFO - Нашел заказ: 6
2024-03-28 21:54:59,905 - exchange.routers - INFO - Номер заявки: 6
2024-03-28 21:55:04,289 - orders.repositories - INFO - Апнут селл пеймент UPDATE "order" SET sell_payment_option_id=:sell_payment_option_id WHERE "order".id = :id_1
2024-03-28 21:55:04,291 - orders.repositories - INFO - Апнут бай пеймент UPDATE "order" SET buy_payment_option_id=:buy_payment_option_id WHERE "order".id = :id_1
2024-03-28 21:57:06,018 - sevices - INFO - Статус пользователя: 1
2024-03-28 21:57:06,022 - sevices - INFO - Нашел заказ: 6
2024-03-28 22:09:29,870 - asyncio - ERROR - Task exception was never retrieved
future: <Task finished name='Task-3' coro=<BackgroundTask.my_task() done, defined at /home/kaya/Dev/exchange/back/src/main.py:138> exception=HTTPException(status_code=400, detail="Произошла ошибка при запросе URL('https://api.coingecko.com/api/v3/simple/price?ids=litecoin%2Cbitcoin&vs_currencies=rub%2Cusd').")>
Traceback (most recent call last):
  File "/home/kaya/Dev/exchange/back/venv/lib/python3.11/site-packages/anyio/_core/_sockets.py", line 221, in connect_tcp
    await event.wait()
  File "/home/kaya/Dev/exchange/back/venv/lib/python3.11/site-packages/anyio/_backends/_asyncio.py", line 1778, in wait
    if await self._event.wait():
       ^^^^^^^^^^^^^^^^^^^^^^^^
  File "/usr/lib/python3.11/asyncio/locks.py", line 213, in wait
    await fut
asyncio.exceptions.CancelledError

During handling of the above exception, another exception occurred:

Traceback (most recent call last):
  File "/home/kaya/Dev/exchange/back/venv/lib/python3.11/site-packages/httpcore/_backends/anyio.py", line 114, in connect_tcp
    stream: anyio.abc.ByteStream = await anyio.connect_tcp(
                                   ^^^^^^^^^^^^^^^^^^^^^^^^
  File "/home/kaya/Dev/exchange/back/venv/lib/python3.11/site-packages/anyio/_core/_sockets.py", line 216, in connect_tcp
    async with create_task_group() as tg:
  File "/home/kaya/Dev/exchange/back/venv/lib/python3.11/site-packages/anyio/_backends/_asyncio.py", line 593, in __aexit__
    raise CancelledError
asyncio.exceptions.CancelledError

During handling of the above exception, another exception occurred:

Traceback (most recent call last):
  File "/home/kaya/Dev/exchange/back/venv/lib/python3.11/site-packages/httpcore/_exceptions.py", line 10, in map_exceptions
    yield
  File "/home/kaya/Dev/exchange/back/venv/lib/python3.11/site-packages/httpcore/_backends/anyio.py", line 113, in connect_tcp
    with anyio.fail_after(timeout):
  File "/home/kaya/Dev/exchange/back/venv/lib/python3.11/site-packages/anyio/_core/_tasks.py", line 119, in __exit__
    raise TimeoutError
TimeoutError

The above exception was the direct cause of the following exception:

Traceback (most recent call last):
  File "/home/kaya/Dev/exchange/back/venv/lib/python3.11/site-packages/httpx/_transports/default.py", line 66, in map_httpcore_exceptions
    yield
  File "/home/kaya/Dev/exchange/back/venv/lib/python3.11/site-packages/httpx/_transports/default.py", line 366, in handle_async_request
    resp = await self._pool.handle_async_request(req)
           ^^^^^^^^^^^^^^^^^^^^^^^^^^^^^^^^^^^^^^^^^^
  File "/home/kaya/Dev/exchange/back/venv/lib/python3.11/site-packages/httpcore/_async/connection_pool.py", line 268, in handle_async_request
    raise exc
  File "/home/kaya/Dev/exchange/back/venv/lib/python3.11/site-packages/httpcore/_async/connection_pool.py", line 251, in handle_async_request
    response = await connection.handle_async_request(request)
               ^^^^^^^^^^^^^^^^^^^^^^^^^^^^^^^^^^^^^^^^^^^^^^
  File "/home/kaya/Dev/exchange/back/venv/lib/python3.11/site-packages/httpcore/_async/connection.py", line 99, in handle_async_request
    raise exc
  File "/home/kaya/Dev/exchange/back/venv/lib/python3.11/site-packages/httpcore/_async/connection.py", line 76, in handle_async_request
    stream = await self._connect(request)
             ^^^^^^^^^^^^^^^^^^^^^^^^^^^^
  File "/home/kaya/Dev/exchange/back/venv/lib/python3.11/site-packages/httpcore/_async/connection.py", line 124, in _connect
    stream = await self._network_backend.connect_tcp(**kwargs)
             ^^^^^^^^^^^^^^^^^^^^^^^^^^^^^^^^^^^^^^^^^^^^^^^^^
  File "/home/kaya/Dev/exchange/back/venv/lib/python3.11/site-packages/httpcore/_backends/auto.py", line 30, in connect_tcp
    return await self._backend.connect_tcp(
           ^^^^^^^^^^^^^^^^^^^^^^^^^^^^^^^^
  File "/home/kaya/Dev/exchange/back/venv/lib/python3.11/site-packages/httpcore/_backends/anyio.py", line 112, in connect_tcp
    with map_exceptions(exc_map):
  File "/usr/lib/python3.11/contextlib.py", line 158, in __exit__
    self.gen.throw(typ, value, traceback)
  File "/home/kaya/Dev/exchange/back/venv/lib/python3.11/site-packages/httpcore/_exceptions.py", line 14, in map_exceptions
    raise to_exc(exc) from exc
httpcore.ConnectTimeout

The above exception was the direct cause of the following exception:

Traceback (most recent call last):
  File "/home/kaya/Dev/exchange/back/src/price_parser/parser.py", line 54, in find_price
    response = await client.get(url=url, params=param)
               ^^^^^^^^^^^^^^^^^^^^^^^^^^^^^^^^^^^^^^^
  File "/home/kaya/Dev/exchange/back/venv/lib/python3.11/site-packages/httpx/_client.py", line 1757, in get
    return await self.request(
           ^^^^^^^^^^^^^^^^^^^
  File "/home/kaya/Dev/exchange/back/venv/lib/python3.11/site-packages/httpx/_client.py", line 1530, in request
    return await self.send(request, auth=auth, follow_redirects=follow_redirects)
           ^^^^^^^^^^^^^^^^^^^^^^^^^^^^^^^^^^^^^^^^^^^^^^^^^^^^^^^^^^^^^^^^^^^^^^
  File "/home/kaya/Dev/exchange/back/venv/lib/python3.11/site-packages/httpx/_client.py", line 1617, in send
    response = await self._send_handling_auth(
               ^^^^^^^^^^^^^^^^^^^^^^^^^^^^^^^
  File "/home/kaya/Dev/exchange/back/venv/lib/python3.11/site-packages/httpx/_client.py", line 1645, in _send_handling_auth
    response = await self._send_handling_redirects(
               ^^^^^^^^^^^^^^^^^^^^^^^^^^^^^^^^^^^^
  File "/home/kaya/Dev/exchange/back/venv/lib/python3.11/site-packages/httpx/_client.py", line 1682, in _send_handling_redirects
    response = await self._send_single_request(request)
               ^^^^^^^^^^^^^^^^^^^^^^^^^^^^^^^^^^^^^^^^
  File "/home/kaya/Dev/exchange/back/venv/lib/python3.11/site-packages/httpx/_client.py", line 1719, in _send_single_request
    response = await transport.handle_async_request(request)
               ^^^^^^^^^^^^^^^^^^^^^^^^^^^^^^^^^^^^^^^^^^^^^
  File "/home/kaya/Dev/exchange/back/venv/lib/python3.11/site-packages/httpx/_transports/default.py", line 365, in handle_async_request
    with map_httpcore_exceptions():
  File "/usr/lib/python3.11/contextlib.py", line 158, in __exit__
    self.gen.throw(typ, value, traceback)
  File "/home/kaya/Dev/exchange/back/venv/lib/python3.11/site-packages/httpx/_transports/default.py", line 83, in map_httpcore_exceptions
    raise mapped_exc(message) from exc
httpx.ConnectTimeout

During handling of the above exception, another exception occurred:

Traceback (most recent call last):
  File "/home/kaya/Dev/exchange/back/src/main.py", line 139, in my_task
    await cache_rates()
  File "/home/kaya/Dev/exchange/back/src/background_tasks/handlers.py", line 51, in cache_rates
    rates = await parse_the_price(ids, vs_currencies,)
            ^^^^^^^^^^^^^^^^^^^^^^^^^^^^^^^^^^^^^^^^^^
  File "/home/kaya/Dev/exchange/back/src/price_parser/parser.py", line 87, in parse_the_price
    return await CoinGekkoParser().find_price(ids, vs_currencies)
           ^^^^^^^^^^^^^^^^^^^^^^^^^^^^^^^^^^^^^^^^^^^^^^^^^^^^^^
  File "/home/kaya/Dev/exchange/back/src/price_parser/parser.py", line 76, in find_price
    raise HTTPException(
fastapi.exceptions.HTTPException
